Archive member included because of file (symbol)

../../Compiler/SGL_302j/lib_coff/SEGA_SYS.A(sys_exit.o)
                              main.o (SYS_Exit)
../../Compiler/SGL_302j/lib_coff/SEGA_SYS.A(sys_sub.o)
                              ../../Compiler/SGL_302j/lib_coff/SEGA_SYS.A(sys_exit.o) (SYSUB_SetStackptr)
../../Compiler/SGL_302j/lib_coff/LIBCD.A(GFS.O)
                              ZTE/ZT_CD.o (GFS_Init)
../../Compiler/SGL_302j/lib_coff/LIBCD.A(CDC_DRV.O)
                              ZTE/ZT_AUDIO.o (CDC_CdPlay)
../../Compiler/SGL_302j/lib_coff/LIBCD.A(CDC_CMN.O)
                              ../../Compiler/SGL_302j/lib_coff/SEGA_SYS.A(sys_exit.o) (CDC_GetCurStat)
../../Compiler/SGL_302j/lib_coff/LIBCD.A(CDC_REG.O)
                              ../../Compiler/SGL_302j/lib_coff/SEGA_SYS.A(sys_exit.o) (CDC_GetHirqReq)
../../Compiler/SGL_302j/lib_coff/LIBCD.A(CDC_CFS.O)
                              ../../Compiler/SGL_302j/lib_coff/SEGA_SYS.A(sys_exit.o) (CDC_ChgDir)
../../Compiler/SGL_302j/lib_coff/LIBCD.A(GFS_CDF.O)
                              ../../Compiler/SGL_302j/lib_coff/LIBCD.A(GFS.O) (GFCF_Init)
../../Compiler/SGL_302j/lib_coff/LIBCD.A(GFS_DIR.O)
                              ../../Compiler/SGL_302j/lib_coff/LIBCD.A(GFS.O) (GFDR_SetupDirTbl)
../../Compiler/SGL_302j/lib_coff/LIBCD.A(GFS_TRN.O)
                              ../../Compiler/SGL_302j/lib_coff/LIBCD.A(GFS.O) (GFTR_Setup)
../../Compiler/SGL_302j/lib_coff/LIBCD.A(GFS_BUF.O)
                              ../../Compiler/SGL_302j/lib_coff/LIBCD.A(GFS.O) (GFBF_GetNumData)
../../Compiler/SGL_302j/lib_coff/LIBCD.A(GFS_CDB.O)
                              ../../Compiler/SGL_302j/lib_coff/LIBCD.A(GFS_CDF.O) (GFCB_Setup)
../../Compiler/SGL_302j/lib_coff/LIBCD.A(GFS_CDC.O)
                              ../../Compiler/SGL_302j/lib_coff/LIBCD.A(GFS.O) (GFCD_SetCdbfs)
../../Compiler/SGL_302j/lib_coff/LIBCD.A(CDC_SUB.O)
                              ../../Compiler/SGL_302j/lib_coff/LIBCD.A(CDC_CMN.O) (CDSUB_UpdStatus)
../../Compiler/SGL_302j/lib_coff/LIBCD.A(CDC_BIO.O)
                              ../../Compiler/SGL_302j/lib_coff/LIBCD.A(GFS_CDC.O) (CDC_SetSctLen)
../../Compiler/SGL_302j/lib_coff/LIBCD.A(CDC_SEL.O)
                              ../../Compiler/SGL_302j/lib_coff/LIBCD.A(GFS_CDC.O) (CDC_SetFiltRange)
../../Compiler/SGL_302j/lib_coff/LIBCD.A(CDC_BIF.O)
                              ../../Compiler/SGL_302j/lib_coff/LIBCD.A(GFS_CDC.O) (CDC_GetBufSiz)
../../Compiler/SGL_302j/lib_coff/LIBCD.A(CDC_DEV.O)
                              ../../Compiler/SGL_302j/lib_coff/LIBCD.A(GFS_CDC.O) (CDC_CdSetCon)
../../Compiler/SGL_302j/lib_coff/LIBSGL.A(sglIc0.o)
                              main.o (slInitSystem)
../../Compiler/SGL_302j/lib_coff/LIBSGL.A(sglB001.o)
                              ZTE/ZT_TOOLS.o (slTVOn)
../../Compiler/SGL_302j/lib_coff/LIBSGL.A(sglB063.o)
                              main.o (slPriority)
../../Compiler/SGL_302j/lib_coff/LIBSGL.A(sglC16.o)
                              main.o (slDynamicFrame)
../../Compiler/SGL_302j/lib_coff/LIBSGL.A(sglK01.o)
                              main.o (SynchConst)
../../Compiler/SGL_302j/lib_coff/LIBSGL.A(sglC01.o)
                              main.o (slPerspective)
../../Compiler/SGL_302j/lib_coff/LIBSGL.A(sglB028.o)
                              main.o (slColOffsetB)
../../Compiler/SGL_302j/lib_coff/LIBSGL.A(sglB024.o)
                              main.o (slColOffsetOn)
../../Compiler/SGL_302j/lib_coff/LIBSGL.A(sglB025.o)
                              main.o (slColOffsetBUse)
../../Compiler/SGL_302j/lib_coff/LIBSGL.A(sglM00.o)
                              main.o (slInitGouraud)
../../Compiler/SGL_302j/lib_coff/LIBSGL.A(sglI04.o)
                              main.o (slIntFunction)
../../Compiler/SGL_302j/lib_coff/LIBSGL.A(sglA08.o)
                              ZTE/ZT_LOADING.o (slInnerProduct)
../../Compiler/SGL_302j/lib_coff/LIBSGL.A(sglA06.o)
                              ZTE/ZT_LOADING.o (slMulFX)
../../Compiler/SGL_302j/lib_coff/LIBSGL.A(sglD00.o)
                              ZTE/ZT_LOADING.o (slDMACopy)
../../Compiler/SGL_302j/lib_coff/LIBSGL.A(sglD02.o)
                              ZTE/ZT_LOADING.o (slDMAWait)
../../Compiler/SGL_302j/lib_coff/LIBSGL.A(sglB015.o)
                              ZTE/ZT_LOADING.o (slScrAutoDisp)
../../Compiler/SGL_302j/lib_coff/LIBSGL.A(sglF00.o)
                              ZTE/ZT_LOADING.o (slLocate)
../../Compiler/SGL_302j/lib_coff/LIBSGL.A(sglF05.o)
                              ZTE/ZT_LOADING.o (slPrint)
../../Compiler/SGL_302j/lib_coff/LIBSGL.A(sglB010.o)
                              SRC/game.o (slBitMapNbg0)
../../Compiler/SGL_302j/lib_coff/LIBSGL.A(sglB061.o)
                              SRC/game.o (slBMPalette)
../../Compiler/SGL_302j/lib_coff/LIBSGL.A(sglA04.o)
                              SRC/game.o (slAtan)
../../Compiler/SGL_302j/lib_coff/LIBSGL.A(sglA01.o)
                              SRC/game.o (slSin)
[...]
Memory Configuration

Name             Origin             Length             Attributes
*default*        0x00000000         0xffffffff

Linker script and memory map

TARGET(coff-sh)

SLSTART         0x06004000       0x30
                0x06004000                ___Start = .
 *(SLSTART)
 SLSTART        0x06004000       0x28 ../../Compiler/SGL_302j/lib_coff/LIBSGL.A(sglI00.o)
                0x06004002                slStartSGL
                0x06004000                SGL_Start

.text           0x06004040     0xb810
 *(.text)
 .text          0x06004040       0x50 main.o
 .text          0x06004090       0xf0 ZTE/ZT_LOADING.o
 .text          0x06004180      0x280 SRC/game.o
 .text          0x06004400       0x90 ZTE/ZT_CD.o
 .text          0x06004490       0x30 ZTE/ZT_GAME.o
 .text          0x060044c0       0x20 ZTE/ZT_SPRITES.o
 .text          0x060044e0       0x10 ZTE/ZT_SYSTEM.o
 .text          0x060044f0       0x30 ZTE/ZT_AUDIO.o
 .text          0x06004520       0x50 ZTE/ZT_VDP2.o
 .text          0x06004570      0x170 ZTE/ZT_MENU.o
 .text          0x060046e0       0xa0 ZTE/ZT_LOAD_MODEL.o
 .text          0x06004780      0x238 ../../Compiler/SGL_302j/lib_coff/SEGA_SYS.A(sys_exit.o)
                0x060047a0                SYS_Exit
                0x06004780                sys_version
 *fill*         0x060049b8        0x8 00
 .text          0x060049c0        0x6 ../../Compiler/SGL_302j/lib_coff/SEGA_SYS.A(sys_sub.o)
                0x060049c0                SYSUB_SetStackptr
 *fill*         0x060049c6        0xa 00
 .text          0x060049d0     0x1adc ../../Compiler/SGL_302j/lib_coff/LIBCD.A(GFS.O)
                0x060049d0                gfs_version
                0x06005c40                gfs_mngGetNumFile
                0x0600639c                gfs_closeSub
                0x0600575c                GFS_SetGmode
                0x06005a18                GFS_SetErrFunc
                0x06005b68                gfs_mngSetupFuncTbl
                0x06004d28                GFS_Reset
                0x06005a90                gfs_chgRoot
                0x06005b5c                gfs_aborttrans
                0x06005e40                gfs_svrAddHndl
                0x06005cf0                gfs_mngFreeGrp
                0x06005a68                GFS_ConvTno
                0x06005ff4                gfs_getRootDir
                0x06005a44                GFS_GetErrStat
                0x06004e98                GFS_Seek
                0x06005508                GFS_NwStop
                0x06005cfc                gfs_mngTermAccess
                0x06004dac                GFS_Open
                0x06005ca8                GFS_mngAllocGrp
                0x060063e4                gfs_isTaskDone
                0x06005208                GFS_Fread
                0x06005960                GFS_StartTrans
                0x0600635c                gfs_GetFinfo
                0x06005b9c                gfs_mngInitWork
                0x06004ff0                GFS_ByteToSct
                0x06005e00                gfs_svrSearchHndl
                0x060060f0                gfs_loadRootDir
                0x06004c4c                GFS_IdToName
                0x0600534c                GFS_NwFread
                0x06005890                GFS_SetTransPara
                0x06005458                GFS_NwCdRead
                0x06005f30                gfs_loadVol
                0x0600582c                GFS_SetReadPara
                0x06004f4c                GFS_Tell
                0x060057c0                GFS_SetTmode
                0x060062c4                GFS_GetFad
                0x060058fc                GFS_SetTrFunc
                0x060059ac                GFS_CdMovePickup
                0x06004be8                GFS_NameToId
                0x06005620                GFS_NwExecOne
                0x06006178                gfs_flowIn
                0x060050a8                GFS_GetFileInfo
                0x06006220                gfs_transData
                0x06005e7c                gfs_svrRemoveHndl
                0x060054d0                GFS_NwIsComplete
                0x060063d8                gfs_getGmode
                0x06005574                GFS_NwGetStat
                0x06005ed8                GFS_OpenSub
                0x06004b80                GFS_SetDir
                0x0600504c                GFS_GetFileSize
                0x0600511c                GFS_GetNumCdbuf
                0x06006438                gfs_convFinStat
                0x06005144                GFS_Load
                0x060052a4                gfs_waitRead
                0x06004ad8                GFS_LoadDir
                0x06004cb8                GFS_GetDirInfo
                0x06004e60                GFS_Close
                0x060049f0                GFS_Init
                0x060055f0                gfs_recovRdErr
                0x06005d80                gfs_mngSetErrCode
                0x060056e0                GFS_NwExecServer
                0x06004f9c                GFS_IsEof
                0x0600631c                gfs_SetSct
 *fill*         0x060064ac        0x4 00
 .text          0x060064b0      0x130 ../../Compiler/SGL_302j/lib_coff/LIBCD.A(CDC_DRV.O)
                0x060064b0                CDC_CdPlay
                0x0600657c                CDC_CdSeek
                0x060065b0                CDC_CdScan
 .text          0x060065e0      0x3a0 ../../Compiler/SGL_302j/lib_coff/LIBCD.A(CDC_CMN.O)
                0x06006784                CDC_TgetToc
                0x06006928                CDC_DataEnd
                0x06006648                CDC_GetPeriStat
                0x060068bc                CDC_DataReady
                0x06006894                CDC_CdOpen
                0x06006810                CDC_CdInit
                0x060067d4                CDC_GetSes
                0x06006630                CDC_GetLastStat
                0x060065e0                CDC_GetCurStat
                0x0600671c                CDC_GetHwInfo
 .text          0x06006980      0x2dc ../../Compiler/SGL_302j/lib_coff/LIBCD.A(CDC_REG.O)
                0x060069d4                CDREG_ClrHirqReq
                0x060069a4                CDC_ClrHirqReq
                0x06006a54                CDREG_TgetData
                0x06006a44                CDC_GetMpegPtr
                0x06006a20                CDC_GetHirqMsk
                0x06006980                CDC_GetDataPtr
                0x06006990                CDC_GetHirqReq
                0x06006bb0                CDREG_WaitHirq
                0x06006a34                CDC_SetHirqMsk
                0x06006ab0                CDREG_CmdRsp
                0x060069e4                CDREG_InitHirqReq
                0x06006a0c                CDREG_SetHirqFlag
                0x06006c20                CDREG_ReadRsp
 *fill*         0x06006c5c        0x4 00
 .text          0x06006c60      0x194 ../../Compiler/SGL_302j/lib_coff/LIBCD.A(CDC_CFS.O)
                0x06006c60                CDC_ChgDir
                0x06006c94                CDC_ReadDir
                0x06006db8                CDC_AbortFile
                0x06006cc8                CDC_GetFileScope
                0x06006d28                CDC_TgetFileInfo
                0x06006d84                CDC_ReadFile
 *fill*         0x06006df4        0xc 00
 .text          0x06006e00      0x8d8 ../../Compiler/SGL_302j/lib_coff/LIBCD.A(GFS_CDF.O)
                0x060072f4                GFCF_Seek
                0x060073fc                GFCF_GetStat
                0x060072dc                GFCF_Tell
                0x06006ea0                GFCF_Setup
                0x060073a8                GFCF_cnvIntlvOfs
                0x06006e00                GFCF_Init
                0x06007294                GFCF_Recover
                0x06006fe8                GFCF_SetSct
                0x0600730c                GFCF_MovePickup
                0x060074d0                gfcf_isCdOk
                0x060070a0                GFCF_FlowInBuf
                0x0600702c                GFCF_GetFileInfo
                0x060071f4                GFCF_StopInBuf
                0x06007494                gfcf_getSctSize
                0x06007590                gfcf_getPlayRange
 *fill*         0x060076d8        0x8 00
 .text          0x060076e0      0x92c ../../Compiler/SGL_302j/lib_coff/LIBCD.A(GFS_DIR.O)
                0x06007bd0                gfdr_setNextRec
                0x06007fd0                gfdr_setDirrecCd
                0x060079c8                gfdr_open
                0x060077dc                GFDR_GetAtrDirId
                0x06007ab0                gfdr_readByte
                0x060076e0                GFDR_SetupDirTbl
                0x06007ba8                gfdr_readLongNM
                0x06007c54                gfdr_readDirEnt
                0x0600780c                GFDR_ChgRoot
                0x06007754                GFDR_NameToId
                0x06007898                gfdr_setupDirIdTbl
                0x060077f4                GFDR_GetAtrDirName
                0x060077b4                GFDR_GetInfoDirId
                0x06007b5c                gfdr_readLongNB
                0x060079f0                gfdr_read
                0x06007adc                gfdr_readWord
                0x0600791c                gfdr_setupDirNameTbl
                0x060077c8                GFDR_GetInfoDirName
                0x06007824                GFDR_ChgDir
                0x06007b08                gfdr_readWordNB
 *fill*         0x0600800c        0x4 00
 .text          0x06008010      0x9c6 ../../Compiler/SGL_302j/lib_coff/LIBCD.A(GFS_TRN.O)
                0x060080f0                GFTR_SetTransMax
                0x060084c0                gftr_execScu
                0x060089c4                GFTR_SetTransFunc
                0x0600888c                gftr_remTrn
                0x060089b0                GFTR_SetData
                0x060086b0                gftr_execSdma1
                0x06008900                gftr_copyFrac
                0x060080e4                GFTR_GetNumTrans
                0x06008084                GFTR_SetMode
                0x06008680                gftr_remDma0
                0x06008928                GFTR_GetLenData
                0x060084b4                gftr_reqScu
                0x06008698                gftr_reqDma1
                0x060083d0                gftr_getSrcPack
                0x06008980                GFTR_RtnDstPk
                0x0600859c                gfdma_exec
                0x060087b4                gftr_execTrn
                0x060082c8                GFTR_ExecSvr
                0x06008744                gftr_reqTrn
                0x0600860c                gfdma_getBytecnt
                0x060086ec                gftr_reqCpu
                0x0600894c                GFTR_GetDstPack
                0x06008644                gftr_reqDma0
                0x06008250                GFTR_Idle
                0x06008108                GFTR_Pause
                0x060080d8                GFTR_GetTransPara
                0x06008738                gftr_remCpu
                0x060080a4                GFTR_SetTransPara
                0x060086d4                gftr_remDma1
                0x06008114                GFTR_Stop
                0x0600865c                gftr_execSdma0
                0x06008040                GFTR_Setup
                0x0600855c                gftr_remScu
                0x06008458                gftr_getDstPack
                0x06008590                gfdma_canUse
                0x060081cc                GFTR_Exec
                0x0600899c                GFTR_GetData
                0x060080fc                GFTR_Start
                0x06008098                GFTR_SetUnit
                0x060086f8                gftr_execCpu
                0x06008934                GFTR_GetLenRoom
 *fill*         0x060089d6        0xa 00
 .text          0x060089e0      0x106 ../../Compiler/SGL_302j/lib_coff/LIBCD.A(GFS_BUF.O)
                0x06008a38                GFBF_GetNumData
                0x06008ab4                GFBF_RtnPk
                0x06008a68                GFBF_GetSrcPk
                0x06008adc                gfbf_getSctDt
                0x06008a10                GFBF_GetTranData
                0x06008a90                GFBF_GetSctData
 *fill*         0x06008ae6        0xa 00
 .text          0x06008af0      0x600 ../../Compiler/SGL_302j/lib_coff/LIBCD.A(GFS_CDB.O)
                0x06009098                GFCB_GetPickup
                0x06008c10                GFCB_Close
                0x06008edc                GFCB_GetSrcPack
                0x06009064                GFCB_SetCon
                0x06008ce4                GFCB_GetLenRoom
                0x06009048                GFCB_MovePickup
                0x06008fbc                GFCB_GetSctData
                0x06008cf0                GFCB_SetFilt
                0x06008c38                GFCB_GetLenData
                0x060090d8                GFCB_UngetPickup
                0x06008af0                GFCB_Setup
                0x06008d80                GFCB_Tell
                0x060090c0                GFCB_IsPuOwner
                0x06008de0                GFCB_Seek
                0x06008d58                GFCB_DeleteAllData
                0x06008ff4                GFCB_GetDstPack
                0x06008d90                gfcb_getSctNum
                0x06009000                GFCB_RtnPk
 .text          0x060090f0     0x1a10 ../../Compiler/SGL_302j/lib_coff/LIBCD.A(GFS_CDC.O)
                0x0600938c                GFCD_AllocBuf
                0x0600a174                gfcd_doGetLenDataTsk
                0x0600aa10                GFCD_SetCsctFunc
                0x06009464                GFCD_GetBaseFad
                0x060095e0                GFCD_GetFilt
                0x0600a600                gfcd_doChgDirTsk
                0x0600a940                gfcd_checkEflag
                0x06009928                GFCD_MovePickup
                0x06009a0c                GFCD_GetSctInfo
                0x0600a2c8                gfcd_doReqDataTsk
                0x06009a54                GFCD_ChgDir
                0x06009748                GFCD_ReqData
                0x0600aa2c                GFCD_ChkScdqFlag
                0x06009ee4                GFCD_WaitServer
                0x060097ec                GFCD_DelSctData
                0x06009cc4                GFCD_ExecServer
                0x0600a0e4                gfcd_doSetConTsk
                0x06009320                GFCD_AllocFilt
                0x0600951c                GFCD_SetFilt
                0x06009f20                gfcd_doSetFiltTsk
                0x0600aa50                GFCD_ClrScdqFlag
                0x0600a368                gfcd_doDelSctDataTsk
                0x06009e24                gfcd_doTask
                0x06009498                GFCD_GetPickup
                0x060099e8                GFCD_CheckMove
                0x0600aa6c                GFCD_WaitScdqFlag
                0x06009680                GFCD_Play
                0x0600a49c                gfcd_doMoveSctTsk
                0x06009628                GFCD_SetCon
                0x06009ac8                GFCD_SetFiltCon
                0x0600aab0                GFCD_WaitPause
                0x06009c8c                GFCD_GetBufSiz
                0x060094cc                GFCD_UngetPickup
                0x06009bb0                GFCD_GetFileInfo
                0x060097a4                GFCD_EndData
                0x060093c0                GFCD_FreeBuf
                0x060096e0                GFCD_GetLenData
                0x0600935c                GFCD_FreeFilt
                0x06009d98                gfcd_isIdleTask
                0x0600911c                GFCD_Init
                0x0600a7fc                gfcd_doSetFiltConTsk
                0x06009874                GFCD_GetStat
                0x06009974                GFCD_MoveSctData
                0x060094f8                GFCD_IsPuOwner
                0x0600a964                gfcd_initCdbMng
                0x060090f0                GFCD_SetCdbfs
                0x06009ed0                GFCD_SetTimer
                0x0600a9e4                gfcd_setStat
                0x06009844                GFCD_CheckDelSctData
 .text          0x0600ab00      0x152 ../../Compiler/SGL_302j/lib_coff/LIBCD.A(CDC_SUB.O)
                0x0600aba8                CDSUB_GetCdstat
                0x0600ab18                CDSUB_UpdCdstat
                0x0600abe8                CDSUB_RspToCdstat
                0x0600ac30                CDSUB_SoftTimer
                0x0600ab00                CDSUB_UpdStatus
                0x0600ab38                CDSUB_CdCmd
 *fill*         0x0600ac52        0xe 00
 .text          0x0600ac60      0x1e4 ../../Compiler/SGL_302j/lib_coff/LIBCD.A(CDC_BIO.O)
                0x0600ad0c                CDC_GetdelSctData
                0x0600ac94                CDC_GetSctData
                0x0600ad48                CDC_PutSctData
                0x0600adc4                CDC_MoveSctData
                0x0600ae08                CDC_GetCopyErr
                0x0600acd0                CDC_DelSctData
                0x0600ac60                CDC_SetSctLen
                0x0600ad80                CDC_CopySctData
 *fill*         0x0600ae44        0xc 00
 .text          0x0600ae50      0x2b8 ../../Compiler/SGL_302j/lib_coff/LIBCD.A(CDC_SEL.O)
                0x0600b080                CDC_GetFiltCon
                0x0600affc                CDC_GetFiltMode
                0x0600b0d4                CDC_ResetSelector
                0x0600ae50                CDC_SetFiltRange
                0x0600aedc                CDC_SetFiltSubh
                0x0600af4c                CDC_GetFiltSubh
                0x0600ae84                CDC_GetFiltRange
                0x0600afc8                CDC_SetFiltMode
                0x0600b040                CDC_SetFiltCon
 *fill*         0x0600b108        0x8 00
 .text          0x0600b110      0x270 ../../Compiler/SGL_302j/lib_coff/LIBCD.A(CDC_BIF.O)
                0x0600b16c                CDC_GetSctNum
                0x0600b2ec                CDC_ExeFadSearch
                0x0600b26c                CDC_GetSctInfo
                0x0600b1b0                CDC_CalActSiz
                0x0600b110                CDC_GetBufSiz
                0x0600b1ec                CDC_GetActSiz
                0x0600b324                CDC_GetFadSearch
 .text          0x0600b380       0xa8 ../../Compiler/SGL_302j/lib_coff/LIBCD.A(CDC_DEV.O)
                0x0600b3ec                CDC_CdGetLastBuf
                0x0600b380                CDC_CdSetCon
                0x0600b3b0                CDC_CdGetCon
 *fill*         0x0600b428        0x8 00
 .text          0x0600b430      0x128 ../../Compiler/SGL_302j/lib_coff/LIBSGL.A(sglIc0.o)
                0x0600b430                slInitSystem
 *fill*         0x0600b558        0x8 00
 .text          0x0600b560     0x10b4 ../../Compiler/SGL_302j/lib_coff/LIBSND.A(snd_main.o)
                0x0600b6d8                SND_MoveData
                0x0600baa0                SND_OffAllSound
                0x0600c2c0                SND_GetSeqPlayPos
                0x0600bb78                SND_StopSeq
                0x0600b560                SND_Init
                0x0600bc38                SND_ContSeq
                0x0600b928                SND_ChgMixPrm
                0x0600beb8                SND_StartPcm
                0x0600b7fc                SND_SetTlVl
                0x0600c0f8                SND_StartVlAnl
                0x0600c5c0                SND_Set3D_Init
                0x0600bc98                SND_SetSeqVl
                0x0600b8bc                SND_ChgMix
                0x0600c548                SND_Set3D_Stat
                0x0600c21c                SND_SetCdDaPan
                0x0600c4dc                SND_SetQSound
                0x0600bbd8                SND_PauseSeq
                0x0600c304                SND_GetAnlTlVl
                0x0600c028                SND_ChgPcm
                0x0600b85c                SND_ChgEfct
                0x0600bd8c                SND_CtrlDirMidi
                0x0600bfc8                SND_StopPcm
                0x0600b9b0                SND_ChkHard
                0x0600be44                SND_SetSeqPan
                0x0600c1a0                SND_SetCdDaLev
                0x0600c2dc                SND_GetPcmPlayAdr
                0x0600baf4                SND_StartSeq
                0x0600c14c                SND_StopVlAnl
                0x0600bd10                SND_ChgTempo
                0x0600ba4c                SND_StopDsp
                0x0600c320                SND_GetAnlHzVl
                0x0600b724                SND_ChgMap
                0x0600c298                SND_GetSeqStat
 *fill*         0x0600c614        0xc 00
 .text          0x0600c620       0xa0 f:/sonic xtraordinary/ztreme/sonic-z-treme/compiler/sh_coff/sh-coff/bin/../lib/gcc/sh-coff/4.0-GNUSH_v0601\libgcc.a(__main.o)
                0x0600c694                __main
                0x0600c620                __do_global_dtors
                0x0600c654                __do_global_ctors
 .text          0x0600c6c0       0xb0 f:/sonic xtraordinary/ztreme/sonic-z-treme/compiler/sh_coff/sh-coff/bin/../lib/gcc/sh-coff/4.0-GNUSH_v0601\libgcc.a(_movmem.o)
                0x0600c6d0                __movmemSI64
                0x0600c6f0                __movmemSI32
                0x0600c700                __movstrSI16
                0x0600c6d4                __movstrSI60
                0x0600c6e0                __movstrSI48
                0x0600c6dc                __movstrSI52
                0x0600c6d4                __movmemSI60
                0x0600c6f4                __movmemSI28
                0x0600c6d8                __movmemSI56
                0x0600c6d0                __movstrSI64
                0x0600c6e4                __movstrSI44
                0x0600c704                __movmemSI12
                0x0600c708                __movmemSI8
                0x0600c6e8                __movstrSI40
                0x0600c6ec                __movstrSI36
                0x0600c6fc                __movmemSI20
                0x0600c720                __movstr
                0x0600c6d8                __movstrSI56
                0x0600c700                __movmemSI16
                0x0600c70c                __movmemSI4
                0x0600c720                __movmem
                0x0600c6f4                __movstrSI28
                0x0600c6e0                __movmemSI48
                0x0600c6f0                __movstrSI32
                0x0600c704                __movstrSI12
                0x0600c710                __movmemSI0
                0x0600c708                __movstrSI8
                0x0600c710                __movstrSI0
                0x0600c6f8                __movstrSI24
                0x0600c6fc                __movstrSI20
                0x0600c6f8                __movmemSI24
                0x0600c6dc                __movmemSI52
                0x0600c6e4                __movmemSI44
                0x0600c6e8                __movmemSI40
                0x0600c70c                __movstrSI4
                0x0600c6ec                __movmemSI36
 .text          0x0600c770       0x90 f:/sonic xtraordinary/ztreme/sonic-z-treme/compiler/sh_coff/sh-coff/bin/../lib/gcc/sh-coff/4.0-GNUSH_v0601\libgcc.a(_ashiftrt_n.o)
                0x0600c770                __ashrsi3
 .text          0x0600c800       0xa0 f:/sonic xtraordinary/ztreme/sonic-z-treme/compiler/sh_coff/sh-coff/bin/../lib/gcc/sh-coff/4.0-GNUSH_v0601\libgcc.a(_sdivsi3.o)
                0x0600c800                __sdivsi3
 .text          0x0600c8a0       0xb0 f:/sonic xtraordinary/ztreme/sonic-z-treme/compiler/sh_coff/sh-coff/bin/../lib/gcc/sh-coff/4.0-GNUSH_v0601\libgcc.a(_si_to_df.o)
                0x0600c8a0                __floatsidf
 .text          0x0600c950      0x3b0 f:/sonic xtraordinary/ztreme/sonic-z-treme/compiler/sh_coff/sh-coff/bin/../lib/gcc/sh-coff/4.0-GNUSH_v0601\libgcc.a(_mul_df.o)
                0x0600c960                __muldf3
 .text          0x0600cd00      0x100 f:/sonic xtraordinary/ztreme/sonic-z-treme/compiler/sh_coff/sh-coff/bin/../lib/gcc/sh-coff/4.0-GNUSH_v0601\libgcc.a(_df_to_si.o)
                0x0600cd00                __fixdfsi
 .text          0x0600ce00       0x90 f:/sonic xtraordinary/ztreme/sonic-z-treme/compiler/sh_coff/sh-coff/bin/../lib/gcc/sh-coff/4.0-GNUSH_v0601\libgcc.a(_ashiftlt.o)
                0x0600ce00                __ashlsi3
 .text          0x0600ce90       0x60 f:/sonic xtraordinary/ztreme/sonic-z-treme/compiler/sh_coff/sh-coff/bin/../lib/gcc/sh-coff/4.0-GNUSH_v0601\libgcc.a(_ashiftrt.o)
                0x0600ce9c                __ashiftrt_r4_27
                0x0600ced0                __ashiftrt_r4_6
                0x0600cec0                __ashiftrt_r4_14
                0x0600ceb2                __ashiftrt_r4_19
                0x0600ceca                __ashiftrt_r4_9
                0x0600cede                __ashiftrt_r4_0
                0x0600ce90                __ashiftrt_r4_31
                0x0600ce9e                __ashiftrt_r4_26
                0x0600ceac                __ashiftrt_r4_22
                0x0600ceb8                __ashiftrt_r4_16
                0x0600cec4                __ashiftrt_r4_12
                0x0600ce98                __ashiftrt_r4_29
                0x0600ceb6                __ashiftrt_r4_17
                0x0600ce96                __ashiftrt_r4_30
                0x0600ced2                __ashiftrt_r4_5
                0x0600cecc                __ashiftrt_r4_8
                0x0600ce90                __ashiftrt_r4_32
                0x0600cea0                __ashiftrt_r4_25
                0x0600ced8                __ashiftrt_r4_2
                0x0600cea2                __ashiftrt_r4_24
                0x0600cebe                __ashiftrt_r4_15
                0x0600cec8                __ashiftrt_r4_10
                0x0600ceda                __ashiftrt_r4_1
                0x0600ce9a                __ashiftrt_r4_28
                0x0600ceb0                __ashiftrt_r4_20
                0x0600cece                __ashiftrt_r4_7
                0x0600cec2                __ashiftrt_r4_13
                0x0600cec6                __ashiftrt_r4_11
                0x0600ced4                __ashiftrt_r4_4
                0x0600ceaa                __ashiftrt_r4_23
                0x0600ceb4                __ashiftrt_r4_18
                0x0600ceae                __ashiftrt_r4_21
                0x0600ced6                __ashiftrt_r4_3
 .text          0x0600cef0       0x90 f:/sonic xtraordinary/ztreme/sonic-z-treme/compiler/sh_coff/sh-coff/bin/../lib/gcc/sh-coff/4.0-GNUSH_v0601\libgcc.a(_si_to_sf.o)
                0x0600cef0                __floatsisf
 .text          0x0600cf80      0x250 f:/sonic xtraordinary/ztreme/sonic-z-treme/compiler/sh_coff/sh-coff/bin/../lib/gcc/sh-coff/4.0-GNUSH_v0601\libgcc.a(_addsub_sf.o)
                0x0600d114                __subsf3
                0x0600d174                __addsf3
 .text          0x0600d1d0      0x170 f:/sonic xtraordinary/ztreme/sonic-z-treme/compiler/sh_coff/sh-coff/bin/../lib/gcc/sh-coff/4.0-GNUSH_v0601\libgcc.a(_mul_sf.o)
                0x0600d1d0                __mulsf3
 .text          0x0600d340       0x60 f:/sonic xtraordinary/ztreme/sonic-z-treme/compiler/sh_coff/sh-coff/bin/../lib/gcc/sh-coff/4.0-GNUSH_v0601\libgcc.a(_fixunssfsi.o)
                0x0600d340                __fixunssfsi
 .text          0x0600d3a0      0x120 f:/sonic xtraordinary/ztreme/sonic-z-treme/compiler/sh_coff/sh-coff/bin/../lib/gcc/sh-coff/4.0-GNUSH_v0601\libgcc.a(_div_sf.o)
                0x0600d3a0                __divsf3
 .text          0x0600d4c0       0x70 f:/sonic xtraordinary/ztreme/sonic-z-treme/compiler/sh_coff/sh-coff/bin/../lib/gcc/sh-coff/4.0-GNUSH_v0601\libgcc.a(_udivsi3.o)
                0x0600d4e2                __udivsi3
 .text          0x0600d530      0x5f0 f:/sonic xtraordinary/ztreme/sonic-z-treme/compiler/sh_coff/sh-coff/bin/../lib/gcc/sh-coff/4.0-GNUSH_v0601\libgcc.a(_pack_df.o)
                0x0600d540                __pack_d
 .text          0x0600db20      0x180 f:/sonic xtraordinary/ztreme/sonic-z-treme/compiler/sh_coff/sh-coff/bin/../lib/gcc/sh-coff/4.0-GNUSH_v0601\libgcc.a(_unpack_df.o)
                0x0600db30                __unpack_d
 .text          0x0600dca0       0xd0 f:/sonic xtraordinary/ztreme/sonic-z-treme/compiler/sh_coff/sh-coff/bin/../lib/gcc/sh-coff/4.0-GNUSH_v0601\libgcc.a(_muldi3.o)
                0x0600dca0                __muldi3
 .text          0x0600dd70       0x20 f:/sonic xtraordinary/ztreme/sonic-z-treme/compiler/sh_coff/sh-coff/bin/../lib/gcc/sh-coff/4.0-GNUSH_v0601\libgcc.a(_thenan_df.o)
                0x0600dd70                __thenan_df
 .text          0x0600dd90       0x90 f:/sonic xtraordinary/ztreme/sonic-z-treme/compiler/sh_coff/sh-coff/bin/../lib/gcc/sh-coff/4.0-GNUSH_v0601\libgcc.a(_lshiftrt.o)
                0x0600dd90                __lshrsi3
 .text          0x0600de20      0x1c0 f:/sonic xtraordinary/ztreme/sonic-z-treme/compiler/sh_coff/sh-coff/bin/../lib/gcc/sh-coff/4.0-GNUSH_v0601\libgcc.a(_pack_sf.o)
                0x0600de20                __pack_f
 .text          0x0600dfe0       0x10 f:/sonic xtraordinary/ztreme/sonic-z-treme/compiler/sh_coff/sh-coff/bin/../lib/gcc/sh-coff/4.0-GNUSH_v0601\libgcc.a(_thenan_sf.o)
                0x0600dfe0                __thenan_sf
 .text          0x0600dff0       0xc0 f:/sonic xtraordinary/ztreme/sonic-z-treme/compiler/sh_coff/sh-coff/bin/../lib/gcc/sh-coff/4.0-GNUSH_v0601\libgcc.a(_unpack_sf.o)
                0x0600dff0                __unpack_f
 .text          0x0600e0b0       0x70 f:/sonic xtraordinary/ztreme/sonic-z-treme/compiler/sh_coff/sh-coff/bin/../lib/gcc/sh-coff/4.0-GNUSH_v0601\libgcc.a(_ge_sf.o)
                0x0600e0b0                __gesf2
 .text          0x0600e120       0xa0 f:/sonic xtraordinary/ztreme/sonic-z-treme/compiler/sh_coff/sh-coff/bin/../lib/gcc/sh-coff/4.0-GNUSH_v0601\libgcc.a(_sf_to_si.o)
                0x0600e120                __fixsfsi
 .text          0x0600e1c0       0x30 f:/sonic xtraordinary/ztreme/sonic-z-treme/compiler/sh_coff/sh-coff/bin/../lib/gcc/sh-coff/4.0-GNUSH_v0601\libgcc.a(_mulsi3.o)
                0x0600e1c0                __mulsi3
 .text          0x0600e1f0       0xa0 f:/sonic xtraordinary/ztreme/sonic-z-treme/compiler/sh_coff/sh-coff/bin/../lib/gcc/sh-coff/4.0-GNUSH_v0601\libgcc.a(_fpcmp_parts_sf.o)
                0x0600e1f0                __fpcmp_parts_f
 .text          0x0600e290       0xa0 f:/sonic xtraordinary/ztreme/sonic-z-treme/compiler/sh_coff/sh-coff/bin/../lib/gcc/sh-coff/4.0-GNUSH_v0601/../../../../sh-coff/lib\libc.a(memcpy.o)
                0x0600e290                memcpy
 .text          0x0600e330       0x40 f:/sonic xtraordinary/ztreme/sonic-z-treme/compiler/sh_coff/sh-coff/bin/../lib/gcc/sh-coff/4.0-GNUSH_v0601/../../../../sh-coff/lib\libc.a(strcpy.o)
                0x0600e330                strcpy
 .text          0x0600e370       0x70 f:/sonic xtraordinary/ztreme/sonic-z-treme/compiler/sh_coff/sh-coff/bin/../lib/gcc/sh-coff/4.0-GNUSH_v0601/../../../../sh-coff/lib\libc.a(strcat.o)
                0x0600e370                strcat
 .text          0x0600e3e0       0x80 f:/sonic xtraordinary/ztreme/sonic-z-treme/compiler/sh_coff/sh-coff/bin/../lib/gcc/sh-coff/4.0-GNUSH_v0601/../../../../sh-coff/lib\libc.a(memcmp.o)
                0x0600e3e0                memcmp
 .text          0x0600e460      0x100 f:/sonic xtraordinary/ztreme/sonic-z-treme/compiler/sh_coff/sh-coff/bin/../lib/gcc/sh-coff/4.0-GNUSH_v0601/../../../../sh-coff/lib\libc.a(strncmp.o)
                0x0600e460                strncmp
 .text          0x0600e560       0xd0 f:/sonic xtraordinary/ztreme/sonic-z-treme/compiler/sh_coff/sh-coff/bin/../lib/gcc/sh-coff/4.0-GNUSH_v0601/../../../../sh-coff/lib\libc.a(strncpy.o)
                0x0600e560                strncpy
 .text          0x0600e630       0x40 f:/sonic xtraordinary/ztreme/sonic-z-treme/compiler/sh_coff/sh-coff/bin/../lib/gcc/sh-coff/4.0-GNUSH_v0601/../../../../sh-coff/lib\libc.a(memset.o)
                0x0600e630                memset
 .text          0x0600e670       0x90 f:/sonic xtraordinary/ztreme/sonic-z-treme/compiler/sh_coff/sh-coff/bin/../lib/gcc/sh-coff/4.0-GNUSH_v0601/../../../../sh-coff/lib\libc.a(atexit.o)
                0x0600e670                atexit
 .text          0x0600e700       0x10 f:/sonic xtraordinary/ztreme/sonic-z-treme/compiler/sh_coff/sh-coff/bin/../lib/gcc/sh-coff/4.0-GNUSH_v0601/../../../../sh-coff/lib\libc.a(impure.o)
                0x0600e700                _global_impure_ptr
 .text          0x0600e710       0x40 f:/sonic xtraordinary/ztreme/sonic-z-treme/compiler/sh_coff/sh-coff/bin/../lib/gcc/sh-coff/4.0-GNUSH_v0601/../../../../sh-coff/lib\libc.a(malloc.o)
                0x0600e72c                free
                0x0600e710                malloc
 .text          0x0600e750      0x6a0 f:/sonic xtraordinary/ztreme/sonic-z-treme/compiler/sh_coff/sh-coff/bin/../lib/gcc/sh-coff/4.0-GNUSH_v0601/../../../../sh-coff/lib\libc.a(mallocr.o)
                0x0600e750                _malloc_r
 .text          0x0600edf0      0x360 f:/sonic xtraordinary/ztreme/sonic-z-treme/compiler/sh_coff/sh-coff/bin/../lib/gcc/sh-coff/4.0-GNUSH_v0601/../../../../sh-coff/lib\libc.a(freer.o)
                0x0600edf0                _malloc_trim_r
                0x0600eed8                _free_r
 .text          0x0600f150       0x20 f:/sonic xtraordinary/ztreme/sonic-z-treme/compiler/sh_coff/sh-coff/bin/../lib/gcc/sh-coff/4.0-GNUSH_v0601/../../../../sh-coff/lib\libc.a(mlock.o)
                0x0600f150                __malloc_lock
                0x0600f15c                __malloc_unlock
 .text          0x0600f170       0x50 f:/sonic xtraordinary/ztreme/sonic-z-treme/compiler/sh_coff/sh-coff/bin/../lib/gcc/sh-coff/4.0-GNUSH_v0601/../../../../sh-coff/lib\libc.a(sbrkr.o)
                0x0600f170                _sbrk_r
 .text          0x0600f1c0      0x390 f:/sonic xtraordinary/ztreme/sonic-z-treme/compiler/sh_coff/sh-coff/bin/../lib/gcc/sh-coff/4.0-GNUSH_v0601/../../../../sh-coff/lib\libc.a(syscalls.o)
                0x0600f330                _exit
                0x0600f364                _getpid
                0x0600f3cc                _utime
                0x0600f1f8                _write
                0x0600f1c0                _read
                0x0600f318                _unlink
                0x0600f2e0                _open
                0x0600f37c                _stat
                0x0600f324                isatty
                0x0600f3fc                _wait
                0x0600f348                _kill
                0x0600f398                _chmod
                0x0600f42c                _execv
                0x0600f410                _execve
                0x0600f50c                __setup_argv_and_call_main
                0x0600f464                _gettimeofday
                0x0600f22c                _link
                0x0600f370                _raise
                0x0600f2fc                _creat
                0x0600f444                _pipe
                0x0600f3b0                _chown
                0x0600f1dc                _lseek
                0x0600f214                _close
                0x0600f458                _times
                0x0600f2cc                _fstat
                0x0600f3e8                _fork
                0x0600f254                _sbrk
 .text          0x0600f550       0x20 f:/sonic xtraordinary/ztreme/sonic-z-treme/compiler/sh_coff/sh-coff/bin/../lib/gcc/sh-coff/4.0-GNUSH_v0601/../../../../sh-coff/lib\libc.a(trap.o)
                0x0600f550                __trap34
 .text          0x0600f570       0x20 f:/sonic xtraordinary/ztreme/sonic-z-treme/compiler/sh_coff/sh-coff/bin/../lib/gcc/sh-coff/4.0-GNUSH_v0601/../../../../sh-coff/lib\libc.a(abort.o)
                0x0600f570                abort
 .text          0x0600f590      0x260 f:/sonic xtraordinary/ztreme/sonic-z-treme/compiler/sh_coff/sh-coff/bin/../lib/gcc/sh-coff/4.0-GNUSH_v0601/../../../../sh-coff/lib\libc.a(signal.o)
                0x0600f64c                _raise_r
                0x0600f7d0                __sigtramp
                0x0600f77c                raise
                0x0600f7b8                _init_signal
                0x0600f708                __sigtramp_r
                0x0600f798                signal
                0x0600f5dc                _signal_r
                0x0600f590                _init_signal_r
 .text          0x0600f7f0       0x60 f:/sonic xtraordinary/ztreme/sonic-z-treme/compiler/sh_coff/sh-coff/bin/../lib/gcc/sh-coff/4.0-GNUSH_v0601/../../../../sh-coff/lib\libc.a(signalr.o)
                0x0600f838                _getpid_r
                0x0600f7f0                _kill_r
 *(.strings)
                0x0600f850                __etext = .

.rodata
 *(.rodata)

SLPROG          0x0600f860    0x10370
                0x0600f860                __slprog_start = .
 *(SLPROG)
 SLPROG         0x0600f860       0x20 ../../Compiler/SGL_302j/lib_coff/LIBSGL.A(sglB001.o)
                0x0600f860                slTVOn
                0x0600f86a                slTVOff
 SLPROG         0x0600f880        0xc ../../Compiler/SGL_302j/lib_coff/LIBSGL.A(sglB063.o)
                0x0600f880                slPriority
 *fill*         0x0600f88c        0x4 00
 SLPROG         0x0600f890       0x54 ../../Compiler/SGL_302j/lib_coff/LIBSGL.A(sglC16.o)
                0x0600f890                slDynamicFrame
 *fill*         0x0600f8e4        0xc 00
 SLPROG         0x0600f8f0       0x6c ../../Compiler/SGL_302j/lib_coff/LIBSGL.A(sglC01.o)
                0x0600f8f0                slPerspective
 *fill*         0x0600f95c        0x4 00
 SLPROG         0x0600f960       0x10 ../../Compiler/SGL_302j/lib_coff/LIBSGL.A(sglB028.o)
                0x0600f960                slColOffsetB
 SLPROG         0x0600f970        0x8 ../../Compiler/SGL_302j/lib_coff/LIBSGL.A(sglB024.o)
                0x0600f970                slColOffsetOn
 *fill*         0x0600f978        0x8 00
 SLPROG         0x0600f980       0x10 ../../Compiler/SGL_302j/lib_coff/LIBSGL.A(sglB025.o)
                0x0600f980                slColOffsetBUse
 SLPROG         0x0600f990      0x4b8 ../../Compiler/SGL_302j/lib_coff/LIBSGL.A(sglM00.o)
                0x0600faca                slGouraudTblCopy
                0x0600fb28                slSetGouraudColor
                0x0600fbc4                slSetFlatColor
                0x0600fb22                slSetGouraudTbl
                0x0600fa84                slPutPolygonX
                0x0600f990                slInitGouraud
                0x0600fba0                slSetAmbient
 *fill*         0x0600fe48        0x8 00
 SLPROG         0x0600fe50       0x10 ../../Compiler/SGL_302j/lib_coff/LIBSGL.A(sglI04.o)
                0x0600fe50                slIntFunction
 SLPROG         0x0600fe60       0x10 ../../Compiler/SGL_302j/lib_coff/LIBSGL.A(sglA08.o)
                0x0600fe60                slInnerProduct
 SLPROG         0x0600fe70        0xa ../../Compiler/SGL_302j/lib_coff/LIBSGL.A(sglA06.o)
                0x0600fe70                slMulFX
 *fill*         0x0600fe7a        0x6 00
 SLPROG         0x0600fe80       0x84 ../../Compiler/SGL_302j/lib_coff/LIBSGL.A(sglD00.o)
                0x0600fe80                slDMACopy
                0x0600fe80                slCpuDMACopy
                0x0600feda                slCashPurge
                0x0600feda                CSH_AllClr
 *fill*         0x0600ff04        0xc 00
 SLPROG         0x0600ff10       0x10 ../../Compiler/SGL_302j/lib_coff/LIBSGL.A(sglD02.o)
                0x0600ff10                slDMAWait
 SLPROG         0x0600ff20      0x40c ../../Compiler/SGL_302j/lib_coff/LIBSGL.A(sglB015.o)
                0x0600ff20                slScrAutoDisp
 *fill*         0x0601032c        0x4 00
 SLPROG         0x06010330       0x4e ../../Compiler/SGL_302j/lib_coff/LIBSGL.A(sglF00.o)
                0x0601034a                slLocate
                0x06010340                slCurColor
                0x0601037c                CurrentScreen
                0x06010330                slCurScrn
 *fill*         0x0601037e        0x2 00
 SLPROG         0x06010380       0x1c ../../Compiler/SGL_302j/lib_coff/LIBSGL.A(sglF05.o)
                0x06010380                slPrint
 *fill*         0x0601039c        0x4 00
 SLPROG         0x060103a0       0x24 ../../Compiler/SGL_302j/lib_coff/LIBSGL.A(sglB010.o)
                0x060103a0                slBitMapNbg0
 *fill*         0x060103c4        0xc 00
 SLPROG         0x060103d0       0x14 ../../Compiler/SGL_302j/lib_coff/LIBSGL.A(sglB061.o)
                0x060103d0                slBMPalette
 *fill*         0x060103e4        0xc 00
 SLPROG         0x060103f0     0x20b6 ../../Compiler/SGL_302j/lib_coff/LIBSGL.A(sglA04.o)
                0x060104a4                atan_tbl
                0x060103f0                slAtan
 *fill*         0x060124a6        0xa 00
 SLPROG         0x060124b0     0x411e ../../Compiler/SGL_302j/lib_coff/LIBSGL.A(sglA01.o)
                0x0601258c                sin_cos_index_tbl
                0x060124b0                slSin
                0x060125cc                sin_tbl
                0x060124f8                GetSinCos
                0x060124d4                slCos
 *fill*         0x060165ce        0x2 00
 SLPROG         0x060165d0      0x3a4 ../../Compiler/SGL_302j/lib_coff/LIBSGL.A(sglI01.o)
                0x060167ba                RetPCMBuf
                0x060168f4                Sound_Buf
                0x060165d0                slInitSynch
                0x060166e0                slRandom
                0x06016854                PCM_Buf
                0x060165ea                slSynch
                0x060166fe                PCM_EndCheck
 *fill*         0x06016974        0xc 00
 SLPROG         0x06016980       0x8c ../../Compiler/SGL_302j/lib_coff/LIBSGL.A(sglC14.o)
                0x06016980                slCurWindow
 *fill*         0x06016a0c        0x4 00
 SLPROG         0x06016a10       0x78 ../../Compiler/SGL_302j/lib_coff/LIBSGL.A(sglC05.o)
                0x06016a10                slSetSprite
 *fill*         0x06016a88        0x8 00
 SLPROG         0x06016a90      0x42c ../../Compiler/SGL_302j/lib_coff/LIBSGL.A(sglA20.o)
                0x06016a90                slInitMatrix
                0x06016aae                slUnitMatrix
                0x06016a9a                slPushUnitMatrix
 *fill*         0x06016ebc        0x4 00
 SLPROG         0x06016ec0       0x78 ../../Compiler/SGL_302j/lib_coff/LIBSGL.A(sglA19.o)
                0x06016ec0                slRotX
                0x06016eca                slRotXSC
 *fill*         0x06016f38        0x8 00
 SLPROG         0x06016f40       0x78 ../../Compiler/SGL_302j/lib_coff/LIBSGL.A(sglA18.o)
                0x06016f4a                slRotYSC
                0x06016f40                slRotY
 *fill*         0x06016fb8        0x8 00
 SLPROG         0x06016fc0       0x78 ../../Compiler/SGL_302j/lib_coff/LIBSGL.A(sglA17.o)
                0x06016fca                slRotZSC
                0x06016fc0                slRotZ
 *fill*         0x06017038        0x8 00
 SLPROG         0x06017040       0x22 ../../Compiler/SGL_302j/lib_coff/LIBSGL.A(sglA40.o)
                0x06017040                slCalcVector
 *fill*         0x06017062        0xe 00
 SLPROG         0x06017070       0x48 ../../Compiler/SGL_302j/lib_coff/LIBSGL.A(sglA21.o)
                0x060170a4                slPopMatrix
                0x06017070                slPushMatrix
                0x060170a4                slDecMatrixPtr
 *fill*         0x060170b8        0x8 00
 SLPROG         0x060170c0       0xc4 ../../Compiler/SGL_302j/lib_coff/LIBSGL.A(sglC03.o)
                0x060170c0                slWindow
 *fill*         0x06017184        0xc 00
 SLPROG         0x06017190       0x2c ../../Compiler/SGL_302j/lib_coff/LIBSGL.A(sglC04.o)
                0x06017190                slZdspLevel
 *fill*         0x060171bc        0x4 00
 SLPROG         0x060171c0       0x1c ../../Compiler/SGL_302j/lib_coff/LIBSGL.A(sglB082.o)
                0x060171c0                slScrWindow0
 *fill*         0x060171dc        0x4 00
 SLPROG         0x060171e0        0xc ../../Compiler/SGL_302j/lib_coff/LIBSGL.A(sglB086.o)
                0x060171e0                slScrWindowMode
 *fill*         0x060171ec        0x4 00
 SLPROG         0x060171f0       0x3c ../../Compiler/SGL_302j/lib_coff/LIBSGL.A(sglC23.o)
                0x060171f0                slSetScreenDist
 *fill*         0x0601722c        0x4 00
 SLPROG         0x06017230       0x48 ../../Compiler/SGL_302j/lib_coff/LIBSGL.A(sglC25.o)
                0x06017246                slDispPlaneLevel
                0x06017230                slNearClipFlag
                0x0601725c                slWindowClipLevel
 *fill*         0x06017278        0x8 00
 SLPROG         0x06017280       0x1c ../../Compiler/SGL_302j/lib_coff/LIBSGL.A(sglB083.o)
                0x06017280                slScrWindow1
 *fill*         0x0601729c        0x4 00
 SLPROG         0x060172a0       0x40 ../../Compiler/SGL_302j/lib_coff/LIBSGL.A(sglF07.o)
                0x060172a0                slHex2Dec
 SLPROG         0x060172e0       0x3c ../../Compiler/SGL_302j/lib_coff/LIBSGL.A(sglF02.o)
                0x060172e0                slPrintHex
 *fill*         0x0601731c        0x4 00
 SLPROG         0x06017320      0x12a ../../Compiler/SGL_302j/lib_coff/LIBSGL.A(sglF03.o)
                0x06017320                slPrintFX
 *fill*         0x0601744a        0x6 00
 SLPROG         0x06017450       0x98 ../../Compiler/SGL_302j/lib_coff/LIBSGL.A(sglA39.o)
                0x06017450                slConvert3Dto2DFX
 *fill*         0x060174e8        0x8 00
 SLPROG         0x060174f0      0x162 ../../Compiler/SGL_302j/lib_coff/LIBSGL.A(sglC07.o)
                0x060174f6                slPutSprite
 *fill*         0x06017652        0xe 00
 SLPROG         0x06017660     0x1218 ../../Compiler/SGL_302j/lib_coff/LIBSGL.A(sglC08.o)
                0x06017660                slPutPolygon
                0x060182dc                MsCalcDepthFlat
 *fill*         0x06018878        0x8 00
 SLPROG         0x06018880       0x50 ../../Compiler/SGL_302j/lib_coff/LIBSGL.A(sglA27.o)
                0x06018880                slTranslate
 SLPROG         0x060188d0       0x70 ../../Compiler/SGL_302j/lib_coff/LIBSGL.A(sglA28.o)
                0x060188d0                slScale
 SLPROG         0x06018940        0xc ../../Compiler/SGL_302j/lib_coff/LIBSGL.A(sglB071.o)
                0x06018940                slScrPosNbg1
 *fill*         0x0601894c        0x4 00
 SLPROG         0x06018950       0x34 ../../Compiler/SGL_302j/lib_coff/LIBSGL.A(sglB070.o)
                0x06018950                slScrPosNbg0
 *fill*         0x06018984        0xc 00
 SLPROG         0x06018990       0xc6 ../../Compiler/SGL_302j/lib_coff/LIBSGL.A(sglA13.o)
                0x06018990                slCheckOnScreen
 *fill*         0x06018a56        0xa 00
 SLPROG         0x06018a60       0x44 ../../Compiler/SGL_302j/lib_coff/LIBSGL.A(sglA12.o)
                0x06018a60                slBallCollision
 *fill*         0x06018aa4        0xc 00
 SLPROG         0x06018ab0       0x14 ../../Compiler/SGL_302j/lib_coff/LIBSGL.A(sglA07.o)
                0x06018ab0                slDivFX
 *fill*         0x06018ac4        0xc 00
 SLPROG         0x06018ad0      0xfc8 ../../Compiler/SGL_302j/lib_coff/LIBSGL.A(sglH00.o)
                0x06018b6c                slSetPortData1
                0x06018b5c                slGetPortData1
                0x0601934a                slSetPortMode1
                0x06019584                Smpc_Status
                0x06018b22                slSetPortDir2
                0x06019168                slSmpcCashSend
                0x06018b88                slGetPortSelect1
                0x06018f6e                slIntBackCancel
                0x06018c20                slSetPortExt1
                0x06019330                slGetPortMode1
                0x06019224                slSmpcCashBlow
                0x06019514                slRequestCommand
                0x060195b4                SmpcStatusBuf
                0x06018b76                slSetPortData2
                0x06018ed6                slSetResultBuffer
                0x06018c0c                slGetPortExt1
                0x06018c50                slSetPortExt2
                0x06018af0                slGetPortDir2
                0x06018c16                slGetPortExt2
                0x06018fa2                slClearReset
                0x06018f98                slCheckReset
                0x06018af8                slSetPortDir1
                0x06018bd0                slSetPortSelect2
                0x06018b9c                slSetPortSelect1
                0x0601933c                slGetPortMode2
                0x06018b92                slGetPortSelect2
                0x06018ae8                slGetPortDir1
                0x06018b64                slGetPortData2
                0x0601930a                slSetOptimize
                0x06019300                slGetOptimize
                0x06018dc4                slSmpcDirectAccess
                0x06019592                Per_Connect1
                0x06018e44                slInitPeripheral
                0x06018f62                slCheckIntBackSet
                0x06019593                Per_Connect2
                0x0601958c                Smpc_Peripheral
                0x06019388                slSetPortMode2
                0x06019588                Smpc_Result
 *fill*         0x06019a98        0x8 00
 SLPROG         0x06019aa0        0xc ../../Compiler/SGL_302j/lib_coff/LIBSGL.A(sglB016.o)
                0x06019aa0                slBack1ColSet
 *fill*         0x06019aac        0x4 00
 SLPROG         0x06019ab0      0x114 ../../Compiler/SGL_302j/lib_coff/LIBSGL.A(sglB200.o)
                0x06019abc                slCharNbg0
                0x06019b02                slPageRbg0
                0x06019b18                slPageNbg1
                0x06019ac8                slCharNbg1
                0x06019b34                slPageNbg0
                0x06019b20                slPageNbg2
                0x06019b28                slPageNbg3
                0x06019ad4                slCharNbg2
                0x06019aea                slCharNbg3
                0x06019ab0                slCharRbg0
 *fill*         0x06019bc4        0xc 00
 SLPROG         0x06019bd0       0x10 ../../Compiler/SGL_302j/lib_coff/LIBSGL.A(sglB058.o)
                0x06019bd0                slPlaneNbg3
 SLPROG         0x06019be0       0xb4 ../../Compiler/SGL_302j/lib_coff/LIBSGL.A(sglB034.o)
                0x06019be0                slMapNbg3
 *fill*         0x06019c94        0xc 00
 SLPROG         0x06019ca0       0x14 ../../Compiler/SGL_302j/lib_coff/LIBSGL.A(sglB065.o)
                0x06019ca0                slSpriteCCalcCond
 *fill*         0x06019cb4        0xc 00
 SLPROG         0x06019cc0        0xc ../../Compiler/SGL_302j/lib_coff/LIBSGL.A(sglB021.o)
                0x06019cc0                slColorCalcOn
 *fill*         0x06019ccc        0x4 00
 SLPROG         0x06019cd0        0xc ../../Compiler/SGL_302j/lib_coff/LIBSGL.A(sglB064.o)
                0x06019cd0                slSpriteType
 *fill*         0x06019cdc        0x4 00
 SLPROG         0x06019ce0       0x10 ../../Compiler/SGL_302j/lib_coff/LIBSGL.A(sglB066.o)
                0x06019ce0                slSpriteCCalcNum
 SLPROG         0x06019cf0        0xc ../../Compiler/SGL_302j/lib_coff/LIBSGL.A(sglB023.o)
                0x06019cf0                slColRate
 *fill*         0x06019cfc        0x4 00
 SLPROG         0x06019d00       0x24 ../../Compiler/SGL_302j/lib_coff/LIBSGL.A(sglB011.o)
                0x06019d00                slBitMapNbg1
 *fill*         0x06019d24        0xc 00
 SLPROG         0x06019d30       0x10 ../../Compiler/SGL_302j/lib_coff/LIBSGL.A(sglB027.o)
                0x06019d30                slColOffsetA
 SLPROG         0x06019d40       0x38 ../../Compiler/SGL_302j/lib_coff/LIBSGL.A(sglA05.o)
                0x06019d40                slSquart
                0x06019d6c                slSquartFX
 *fill*         0x06019d78        0x8 00
 SLPROG         0x06019d80       0x84 ../../Compiler/SGL_302j/lib_coff/LIBSGL.A(sglD16.o)
                0x06019dc8                DMA_SCU_PRM0
                0x06019d80                DMA_ScuSetPrm
 *fill*         0x06019e04        0xc 00
 SLPROG         0x06019e10       0x88 ../../Compiler/SGL_302j/lib_coff/LIBSGL.A(sglD17.o)
                0x06019e10                DMA_ScuStart
 *fill*         0x06019e98        0x8 00
 SLPROG         0x06019ea0       0x20 ../../Compiler/SGL_302j/lib_coff/LIBSGL.A(sglD15.o)
                0x06019ea0                CSH_Purge
 SLPROG         0x06019ec0       0x34 ../../Compiler/SGL_302j/lib_coff/LIBSGL.A(sglD18.o)
                0x06019ec0                DMA_ScuGetStatus
 *fill*         0x06019ef4        0xc 00
 SLPROG         0x06019f00       0xa0 ../../Compiler/SGL_302j/lib_coff/LIBSGL.A(sglD01.o)
                0x06019f00                slDMAXCopy
 SLPROG         0x06019fa0        0xc ../../Compiler/SGL_302j/lib_coff/LIBSGL.A(sglD03.o)
                0x06019fa0                slDMAStatus
 *fill*         0x06019fac        0x4 00
 SLPROG         0x06019fb0       0x20 ../../Compiler/SGL_302j/lib_coff/LIBSGL.A(sglA00.o)
                0x06019fc4                get_imask
                0x06019fb0                set_imask
                0x06019fb0                _builtin_set_imask
                0x06019fc4                _builtin_get_imask
 SLPROG         0x06019fd0       0x74 ../../Compiler/SGL_302j/lib_coff/LIBSGL.A(sglJ00.o)
                0x06019fd0                InitSlaveSH
                0x0601a038                SlaveCommand
 *fill*         0x0601a044        0xc 00
 SLPROG         0x0601a050      0xbd0 ../../Compiler/SGL_302j/lib_coff/LIBSGL.A(sglB000.o)
                0x0601a050                slInitScroll
                0x0601a2b0                TVSizeTbl
                0x0601a1a0                setASC_4to8
                0x0601a330                TVModeTbl
                0x0601a170                setASC_1to8
                0x0601a508                SGL_ASCII_CG
 SLPROG         0x0601ac20      0x3d0 ../../Compiler/SGL_302j/lib_coff/LIBSGL.A(sglJ01.o)
                0x0601ac20                SlaveControl
                0x0601afdc                ErasePolygonData
 SLPROG         0x0601aff0      0x75c ../../Compiler/SGL_302j/lib_coff/LIBSGL.A(sglI00.o)
                0x0601b2e0                slInitInterrupt
 *fill*         0x0601b74c        0x4 00
 SLPROG         0x0601b750      0x134 ../../Compiler/SGL_302j/lib_coff/LIBSGL.A(sglC00.o)
                0x0601b750                slInitSprite
 *fill*         0x0601b884        0xc 00
 SLPROG         0x0601b890     0x215c ../../Compiler/SGL_302j/lib_coff/LIBSGL.A(sglA03.o)
                0x0601b890                slTan
 *fill*         0x0601d9ec        0x4 00
 SLPROG         0x0601d9f0       0xac ../../Compiler/SGL_302j/lib_coff/LIBSGL.A(sglC13.o)
                0x0601d9f0                slPutPolygonS
 *fill*         0x0601da9c        0x4 00
 SLPROG         0x0601daa0       0x24 ../../Compiler/SGL_302j/lib_coff/LIBSGL.A(sglA25.o)
                0x0601daa0                slTransposeMatrix
 *fill*         0x0601dac4        0xc 00
 SLPROG         0x0601dad0       0xc0 ../../Compiler/SGL_302j/lib_coff/LIBSGL.A(sglD19.o)
                0x0601dad0                DMA_ScuMemCopy
 SLPROG         0x0601db90       0x40 ../../Compiler/SGL_302j/lib_coff/LIBSGL.A(sglC20.o)
                0x0601db90                SpriteEntry
 SLPROG         0x0601dbd0     0x12b8 ../../Compiler/SGL_302j/lib_coff/LIBSGL.A(sglJ02.o)
                0x0601ee04                stvtc_1
                0x0601eb3c                stvtc_4
                0x0601eafc                SetPolygon
                0x0601ebf4                stvtc_3
                0x0601ee2c                stvtc_0
                0x0601eb04                SetPosition
                0x0601ddb8                sbCalcPolygon
                0x0601eaf0                SetTexture
                0x0601dbd0                sbMakePolygon
                0x0601ee18                stvtc_2
 *fill*         0x0601ee88        0x8 00
 SLPROG         0x0601ee90       0x6a ../../Compiler/SGL_302j/lib_coff/LIBSGL.A(sglM01.o)
                0x0601eebc                slSetDepthTbl
                0x0601eeec                DepthWorkArea
                0x0601ee90                slSetDepthLimit
 *fill*         0x0601eefa        0x6 00
 SLPROG         0x0601ef00       0x34 ../../Compiler/SGL_302j/lib_coff/LIBSGL.A(sglA10.o)
                0x0601ef00                slSquartDbl
 *fill*         0x0601ef34        0xc 00
 SLPROG         0x0601ef40      0x470 ../../Compiler/SGL_302j/lib_coff/LIBSGL.A(sglH02.o)
                0x0601f330                smpc_pfr_tbl
                0x0601f370                smpc_ptf_tbl
 SLPROG         0x0601f3b0       0x60 ../../Compiler/SGL_302j/lib_coff/LIBSGL.A(sglH04.o)
                0x0601f3da                slComPrmSetTime
                0x0601f3b0                slComPrmIntBack
                0x0601f3c4                slComPrmSetMemory
 SLPROG         0x0601f410       0xd4 ../../Compiler/SGL_302j/lib_coff/LIBSGL.A(sglB035.o)
                0x0601f410                sl1MapRA
                0x0601f4a2                rbank_set
 *fill*         0x0601f4e4        0xc 00
 SLPROG         0x0601f4f0      0x140 ../../Compiler/SGL_302j/lib_coff/LIBSGL.A(sglJ03.o)
                0x0601f4f0                sbMakeDMATable
 SLPROG         0x0601f630      0x470 ../../Compiler/SGL_302j/lib_coff/LIBSGL.A(sglJ04.o)
                0x0601f6f4                sbMakeRotSprite
                0x0601f68e                sbMakeSprite
 SLPROG         0x0601faa0       0x3c ../../Compiler/SGL_302j/lib_coff/LIBSGL.A(sglJ05.o)
                0x0601faa0                sbSortEntry
 *fill*         0x0601fadc        0x4 00
 SLPROG         0x0601fae0       0xf0 ../../Compiler/SGL_302j/lib_coff/LIBSGL.A(sglH03.o)
                0x0601fb44                slSmpcIntBack
                0x0601fbd0                __slprog_end = .

.tors           0x0601fbd0        0x0
                0x0601fbd0                ___ctors = .
 *(.ctors)
                0x0601fbd0                ___ctors_end = .
                0x0601fbd0                ___dtors = .
 *(.dtors)
                0x0601fbd0                ___dtors_end = .

.data           0x0601fbd0      0x810
 *(.data)
 .data          0x0601fbd0       0x80 ../../Compiler/SGL_302j/lib_coff/LIBSGL.A(sglIc0.o)
                0x0601fbd0                IntPrioMask
 .data          0x0601fc50      0x380 f:/sonic xtraordinary/ztreme/sonic-z-treme/compiler/sh_coff/sh-coff/bin/../lib/gcc/sh-coff/4.0-GNUSH_v0601/../../../../sh-coff/lib\libc.a(impure.o)
                0x0601ffcc                _impure_ptr
 .data          0x0601ffd0      0x410 f:/sonic xtraordinary/ztreme/sonic-z-treme/compiler/sh_coff/sh-coff/bin/../lib/gcc/sh-coff/4.0-GNUSH_v0601/../../../../sh-coff/lib\libc.a(mallocr.o)
                0x0601ffd8                __malloc_av_
                0x0601ffd4                __malloc_trim_threshold
                0x0601ffd0                __malloc_sbrk_base
                0x060203e0                __edata = .

.bss            0x060203e0    0x7bcd4
                0x060203e0                __bstart = .
 *(.bss)
 .bss           0x060203e0        0x4 ../../Compiler/SGL_302j/lib_coff/SEGA_SYS.A(sys_exit.o)
 *fill*         0x060203e4        0xc 00
 .bss           0x060203f0        0x2 ../../Compiler/SGL_302j/lib_coff/LIBCD.A(CDC_REG.O)
 *fill*         0x060203f2        0xe 00
 .bss           0x06020400        0xc ../../Compiler/SGL_302j/lib_coff/LIBCD.A(GFS_TRN.O)
 *fill*         0x0602040c        0x4 00
 .bss           0x06020410        0xc ../../Compiler/SGL_302j/lib_coff/LIBCD.A(CDC_SUB.O)
 *fill*         0x0602041c        0x4 00
 .bss           0x06020420       0x28 ../../Compiler/SGL_302j/lib_coff/LIBSND.A(snd_main.o)
 *fill*         0x06020448        0x8 00
 .bss           0x06020450       0x10 f:/sonic xtraordinary/ztreme/sonic-z-treme/compiler/sh_coff/sh-coff/bin/../lib/gcc/sh-coff/4.0-GNUSH_v0601\libgcc.a(__main.o)
 .bss           0x06020460       0x10 f:/sonic xtraordinary/ztreme/sonic-z-treme/compiler/sh_coff/sh-coff/bin/../lib/gcc/sh-coff/4.0-GNUSH_v0601/../../../../sh-coff/lib\libc.a(atexit.o)
 .bss           0x06020470       0x40 f:/sonic xtraordinary/ztreme/sonic-z-treme/compiler/sh_coff/sh-coff/bin/../lib/gcc/sh-coff/4.0-GNUSH_v0601/../../../../sh-coff/lib\libc.a(mallocr.o)
                0x060204a0                __malloc_top_pad
                0x06020470                __malloc_current_mallinfo
                0x0602049c                __malloc_max_sbrked_mem
                0x06020498                __malloc_max_total_mem
 .bss           0x060204b0       0x10 f:/sonic xtraordinary/ztreme/sonic-z-treme/compiler/sh_coff/sh-coff/bin/../lib/gcc/sh-coff/4.0-GNUSH_v0601/../../../../sh-coff/lib\libc.a(syscalls.o)
 *(COMMON)
 COMMON         0x060204c0    0x6b0e0 ZTE/workarea.o
                0x060204c0                HWRAM_DYNAMIC_MEM
                0x0606b4c0                RemainEvent
                0x0606b4d0                DYNAMIC_RAM
                0x0608b4d0                RemainWork
                0x0608b4e0                WorkBuf
                0x0608b520                EventBuf
 COMMON         0x0608b5a0     0xab38 main.o
                0x0608b5a0                cam1
                0x0608b5bc                ZT_FRAMERATE
                0x0608b5c0                MDATA
                0x0608b600                LevelMesh
                0x0608d600                DELAYED_CHANGEMAP
                0x0608d610                cam2
                0x0608d630                LevelColl
                0x0608f630                TIMER
                0x0608f634                IsZoom
                0x0608f640                animArray
                0x0608f840                PLAYER_2
                0x0608f880                nodes
                0x06091880                tex_def
                0x06094080                padding
                0x06094084                totalTextures
                0x06094088                PVS
                0x06094090                LevelMeshLOD
                0x06096090                PLAYER_1
                0x060960d0                draw_distance
                0x060960d4                HWRAM_DYNAMIC_MEM_PTR
 *fill*         0x060960d8        0x8 00
 COMMON         0x060960e0        0x4 ZTE/ZT_LOADING.o
                0x060960e0                firstMapTexture
 *fill*         0x060960e4        0xc 00
 COMMON         0x060960f0     0x2094 ZTE/ZT_RENDERING.o
                0x060960f0                currentParticle
                0x060960f4                light_ang
                0x06096100                gourRealMax
                0x06097870                light
                0x06097880                vwork
                0x06097b70                tot_rejected
                0x06097b80                particleArray
                0x06098180                mapTick
 *fill*         0x06098184        0xc 00
 COMMON         0x06098190     0x1504 ZTE/ZT_CD.o
                0x06098190                gfsLibWork
                0x06099138                gfsDirTbl
                0x06099150                _fs_current_dir
                0x060991d0                _fs_file_path
                0x060992d0                gfsDirName
                0x06099690                gfsDirN
 *fill*         0x06099694        0xc 00
 COMMON         0x060996a0       0x74 ZTE/ZT_FRUSTUM.o
                0x060996a0                HNEAR
                0x060996a4                WNEAR
                0x060996a8                HFAR
                0x060996b0                PLANE
                0x06099710                WFAR
 *fill*         0x06099714        0xc 00
 COMMON         0x06099720     0x2944 ZTE/ZT_LOAD_MODEL.o
                0x06099720                entities
                0x0609c060                gouraudCounter
 *fill*         0x0609c064        0xc 00
 COMMON         0x0609c070        0xc ../../Compiler/SGL_302j/lib_coff/LIBCD.A(GFS.O)
                0x0609c070                GFMC_base
                0x0609c074                gfs_mng_ptr
                0x0609c078                gfs_use_scudma
 *fill*         0x0609c07c        0x4 00
 COMMON         0x0609c080        0x8 ../../Compiler/SGL_302j/lib_coff/LIBCD.A(GFS_CDF.O)
                0x0609c080                gfcf_fad
                0x0609c084                gfcf_stat
 *fill*         0x0609c088        0x8 00
 COMMON         0x0609c090        0xc ../../Compiler/SGL_302j/lib_coff/LIBCD.A(GFS_CDC.O)
                0x0609c090                gfcd_fatal_err
                0x0609c094                gfcd_work
                0x0609c098                gfcd_playflag
 *fill*         0x0609c09c        0x4 00
 COMMON         0x0609c0a0        0x8 ../../Compiler/SGL_302j/lib_coff/LIBSND.A(snd_main.o)
                0x0609c0a0                snd_adr_sys_int_work
                0x0609c0a4                snd_msk_work_work
 *fill*         0x0609c0a8        0x8 00
 COMMON         0x0609c0b0        0x4 f:/sonic xtraordinary/ztreme/sonic-z-treme/compiler/sh_coff/sh-coff/bin/../lib/gcc/sh-coff/4.0-GNUSH_v0601/../../../../sh-coff/lib\libc.a(syscalls.o)
                0x0609c0b0                errno
                0x0609c0b4                __bend = .
                0x0609c0b4                _end = .
LOAD ZTE/workarea.o
LOAD main.o
LOAD ZTE/ZT_LOADING.o
LOAD SRC/game.o
LOAD ZTE/ZT_RENDERING.o
LOAD ZTE/ZT_ANIMATION.o
LOAD ZTE/ZT_CD.o
LOAD ZTE/ZT_COLLISION.o
LOAD ZTE/ZT_FRUSTUM.o
LOAD ZTE/ZT_GAME.o
LOAD ZTE/ZT_SPRITES.o
LOAD ZTE/ZT_TOOLS.o
LOAD ZTE/ZT_SYSTEM.o
LOAD ZTE/ZT_AUDIO.o
LOAD ZTE/ZT_VDP2.o
LOAD ZTE/ZT_MENU.o
LOAD ZTE/ZT_LOAD_MODEL.o
LOAD ZTE/ZT_VECTOR.o
LOAD SRC/physics.o
LOAD SRC/controls.o
LOAD ../../Compiler/SGL_302j/lib_coff/SEGA_SYS.A
LOAD ../../Compiler/SGL_302j/lib_coff/LIBCD.A
LOAD ../../Compiler/SGL_302j/lib_coff/LIBSGL.A
LOAD ../../Compiler/SGL_302j/lib_coff/LIBSND.A
LOAD ../../Compiler/SGL_302j/lib_coff/LIBMEM.A
LOAD f:/sonic xtraordinary/ztreme/sonic-z-treme/compiler/sh_coff/sh-coff/bin/../lib/gcc/sh-coff/4.0-GNUSH_v0601\libgcc.a
LOAD f:/sonic xtraordinary/ztreme/sonic-z-treme/compiler/sh_coff/sh-coff/bin/../lib/gcc/sh-coff/4.0-GNUSH_v0601/../../../../sh-coff/lib\libc.a
LOAD f:/sonic xtraordinary/ztreme/sonic-z-treme/compiler/sh_coff/sh-coff/bin/../lib/gcc/sh-coff/4.0-GNUSH_v0601\libgcc.a
OUTPUT(sl_coff.coff coff-sh)

.data.Tr        0x0609c0c0       0x10
 .data.Tr       0x0609c0c0       0x10 ZTE/workarea.o
                0x0609c0c0                TransList

.rodata.        0x0609c0d0      0x330
 .rodata.       0x0609c0d0       0x20 ZTE/workarea.o
                0x0609c0e4                MaxPolygons
                0x0609c0dc                MaxWorks
                0x0609c0e0                WorkSize
                0x0609c0d0                PCM_WkSize
                0x0609c0e6                MaxVertices
                0x0609c0de                MaxEvents
                0x0609c0d4                SpriteBufSize
                0x0609c0e2                EventSize
                0x0609c0d8                SortListSize
 .rodata.       0x0609c0f0       0x10 main.o
 .rodata.       0x0609c100       0x40 ZTE/ZT_LOADING.o
 .rodata.       0x0609c140       0x20 SRC/game.o
 .rodata.       0x0609c160       0x20 ZTE/ZT_RENDERING.o
                0x0609c160                yOff
                0x0609c164                xOff
 .rodata.       0x0609c180       0x30 ZTE/ZT_CD.o
 .rodata.       0x0609c1b0       0x20 ZTE/ZT_COLLISION.o
 .rodata.       0x0609c1d0       0x10 ZTE/ZT_FRUSTUM.o
 .rodata.       0x0609c1e0       0x10 ZTE/ZT_GAME.o
 .rodata.       0x0609c1f0      0x210 ZTE/ZT_LOAD_MODEL.o

.data.PC        0x0609c400       0x10
 .data.PC       0x0609c400       0x10 ZTE/workarea.o
                0x0609c400                PCM_Work

.data.Co        0x0609c410       0x10
 .data.Co       0x0609c410       0x10 ZTE/workarea.o
                0x0609c410                CommandBuf

.data.CL        0x0609c420       0x10
 .data.CL       0x0609c420       0x10 ZTE/workarea.o
                0x0609c420                CLOfstBuf

.data.Pb        0x0609c430       0x10
 .data.Pb       0x0609c430       0x10 ZTE/workarea.o
                0x0609c430                Pbuffer

.data.Sp        0x0609c440       0x10
 .data.Sp       0x0609c440       0x10 ZTE/workarea.o
                0x0609c440                SpriteBuf

.data.Zb        0x0609c450       0x10
 .data.Zb       0x0609c450       0x10 ZTE/workarea.o
                0x0609c450                Zbuffer

.data.So        0x0609c460       0x10
 .data.So       0x0609c460       0x10 ZTE/workarea.o
                0x0609c460                SortList

.data.Sl        0x0609c470       0x10
 .data.Sl       0x0609c470       0x10 ZTE/workarea.o
                0x0609c470                SlaveStack

.data.Ma        0x0609c480       0x10
 .data.Ma       0x0609c480       0x10 ZTE/workarea.o
                0x0609c480                MasterStack

.bss.USE        0x0609c490       0x10
 .bss.USE       0x0609c490       0x10 main.o
                0x0609c490                USE_MAP_GOURAUD

.data.PS        0x0609c4a0       0x10
 .data.PS       0x0609c4a0       0x10 main.o
                0x0609c4a0                PSEUDO_FISHEYE

.bss.tot        0x0609c4b0       0x10
 .bss.tot       0x0609c4b0       0x10 main.o
                0x0609c4b0                totalPlayers

.text.zt        0x0609c4c0     0x2e80
 .text.zt       0x0609c4c0      0x230 main.o
                0x0609c4c0                ztInit
 .text.zt       0x0609c6f0      0x190 ZTE/ZT_LOADING.o
                0x0609c6f0                ztLoadMap
 .text.zt       0x0609c880      0x570 SRC/game.o
                0x0609cc70                ztReset
                0x0609c880                ztResetAllEntities
                0x0609c8cc                ztMapNameLookUp
                0x0609ca00                ztLoadPermanentAssets
 .text.zt       0x0609cdf0      0x860 ZTE/ZT_RENDERING.o
                0x0609ce34                ztInitDisplay
                0x0609cdf0                ztVBLANKcustom
                0x0609d350                ztRender
                0x0609d008                ztDrawPolygon
 .text.zt       0x0609d650      0x1a0 ZTE/ZT_ANIMATION.o
                0x0609d650                ztUpdateAnimation
 .text.zt       0x0609d7f0      0x380 ZTE/ZT_CD.o
                0x0609daa4                ztCDload
                0x0609d84c                ztCDsetDir
                0x0609d928                ztCDsetRoot
                0x0609d7f0                ztCDinit
                0x0609d9b8                ztCDopen
 .text.zt       0x0609db70      0x1b0 ZTE/ZT_COLLISION.o
                0x0609db70                ztCollision
 .text.zt       0x0609dd20      0x4f0 ZTE/ZT_FRUSTUM.o
                0x0609e150                ztCheckBoxInFrustum
                0x0609dda4                ztUpdateFrustum
                0x0609e100                ztCheckInFrustum
                0x0609dd20                ztInitFrustum
 .text.zt       0x0609e210      0x2f0 ZTE/ZT_GAME.o
                0x0609e210                ztGameLoop
 .text.zt       0x0609e500      0x1e0 ZTE/ZT_SPRITES.o
                0x0609e500                ztClrVRAM
                0x0609e524                ztRemoveSpritesFrom
                0x0609e530                ztAddTexture
                0x0609e620                ztLoadTexture
 .text.zt       0x0609e6e0      0x490 ZTE/ZT_SYSTEM.o
                0x0609e6e0                ztInitTimer
                0x0609e968                ztUpdateFramerate
                0x0609ea8c                ztLoadLogo
                0x0609e70a                ztWait
                0x0609e81c                ztUpdateTimer
 .text.zt       0x0609eb70       0xf0 ZTE/ZT_AUDIO.o
                0x0609eb70                ztPlayCDDA
                0x0609ebb4                ztInitSound
                0x0609eba8                ztStopCDDA
 .text.zt       0x0609ec60      0x370 ZTE/ZT_VDP2.o
                0x0609ec60                ztClearText
                0x0609edd0                ztLoadVDP2bmp
                0x0609ed30                ztSetColorCalc
                0x0609ec90                ztFont2NBG3
                0x0609ed2c                ztSetRBG0
 .text.zt       0x0609efd0      0x370 ZTE/ZT_LOAD_MODEL.o
                0x0609efd0                ztLoad3Dmodel

.text.ma        0x0609f340      0xdf0
 .text.ma       0x0609f340       0x60 main.o
                0x0609f340                main
 .text.ma       0x0609f3a0      0x130 ZTE/ZT_LOADING.o
                0x0609f3a0                mallocVertices
 .text.ma       0x0609f4d0      0x100 SRC/game.o
                0x0609f4d0                main_loop
 .text.ma       0x0609f5d0      0xb60 ZTE/ZT_MENU.o
                0x0609f5d0                mainMenu

.bss.WIR        0x060a0130       0x10
 .bss.WIR       0x060a0130       0x10 ZTE/ZT_LOADING.o
                0x060a0130                WIREFRAME_TEST

.text.se        0x060a0140      0x7d0
 .text.se       0x060a0140      0x380 ZTE/ZT_LOADING.o
                0x060a02a8                setTextures
                0x060a0140                setGouraudShading
 .text.se       0x060a04c0       0xc0 SRC/game.o
                0x060a04c0                setHUD
                0x060a04c4                selectAnim
 .text.se       0x060a0580       0x40 ZTE/ZT_FRUSTUM.o
                0x060a0580                setNormalAndPoint
 .text.se       0x060a05c0      0x140 ZTE/ZT_MENU.o
                0x060a05c0                setMenu
 .text.se       0x060a0700      0x210 ZTE/ZT_LOAD_MODEL.o
                0x060a0700                setModelTextures

.text.te        0x060a0910      0x100
 .text.te       0x060a0910      0x100 ZTE/ZT_LOADING.o
                0x060a0910                texturesToVRAM

.text.lo        0x060a0a10      0x7f0
 .text.lo       0x060a0a10      0x590 ZTE/ZT_LOADING.o
                0x060a0bec                loadBinaryMAP
                0x060a0a60                loadPDATA
                0x060a0b44                loadCollision
                0x060a0a10                loadTextures
                0x060a0adc                loadLODpdata
                0x060a0b78                loadNodes
 .text.lo       0x060a0fa0       0xd0 ZTE/ZT_AUDIO.o
                0x060a1018                loadSndData
                0x060a0fa0                loadSndDrv
 .text.lo       0x060a1070      0x190 ZTE/ZT_LOAD_MODEL.o
                0x060a1120                loadAnimations
                0x060a1070                loadModelTextures
                0x060a11a4                loadModelPDATA

.bss.map        0x060a1200       0x10
 .bss.map       0x060a1200       0x10 SRC/game.o
                0x060a1200                mapId

.text.up        0x060a1210      0x5c0
 .text.up       0x060a1210      0x5c0 SRC/game.o
                0x060a14e0                updatePosition
                0x060a1210                update_camera
                0x060a13c8                update_animations
                0x060a1734                update_physics

.text.ge        0x060a17d0      0x1a0
 .text.ge       0x060a17d0      0x1a0 SRC/game.o
                0x060a17d0                generateParticles

.text.pl        0x060a1970       0xd0
 .text.pl       0x060a1970       0xd0 SRC/game.o
                0x060a1970                playerHurt

.text.at        0x060a1a40      0x540
 .text.at       0x060a1a40      0x3e0 SRC/game.o
                0x060a1a40                attributebehavior
 .text.at       0x060a1e20      0x160 ZTE/ZT_COLLISION.o
                0x060a1f04                attack
                0x060a1e20                attackHits
                0x060a1e60                attackBBack

.data.Me        0x060a1f80       0xa0
 .data.Me       0x060a1f80       0xa0 ZTE/ZT_RENDERING.o
                0x060a1fd4                MetalGrd
                0x060a1f94                MetalGrd2
                0x060a1f80                MeshExplosion

.data.At        0x060a2020       0x60
 .data.At       0x060a2020       0x60 ZTE/ZT_RENDERING.o

.data.Po        0x060a2080      0x160
 .data.Po       0x060a2080      0x160 ZTE/ZT_RENDERING.o

.data.sp        0x060a21e0       0xe0
 .data.sp       0x060a21e0       0xe0 ZTE/ZT_RENDERING.o
                0x060a21e0                sprites

.bss.sho        0x060a22c0       0x10
 .bss.sho       0x060a22c0       0x10 ZTE/ZT_RENDERING.o
                0x060a22c0                showDebugStats

.data.en        0x060a22d0       0x10
 .data.en       0x060a22d0       0x10 ZTE/ZT_RENDERING.o
                0x060a22d0                enableRTG

.bss.dis        0x060a22e0       0x10
 .bss.dis       0x060a22e0       0x10 ZTE/ZT_RENDERING.o
                0x060a22e0                dispFBSprite

.bss.rin        0x060a22f0       0x10
 .bss.rin       0x060a22f0       0x10 ZTE/ZT_RENDERING.o

.text.co        0x060a2300      0x240
 .text.co       0x060a2300       0x90 ZTE/ZT_RENDERING.o
                0x060a2300                computeLight
 .text.co       0x060a2390       0xa0 ZTE/ZT_COLLISION.o
                0x060a2390                collision_handling
 .text.co       0x060a2430      0x110 SRC/controls.o
                0x060a2430                controls

.text.dr        0x060a2540      0x230
 .text.dr       0x060a2540      0x230 ZTE/ZT_RENDERING.o
                0x060a2540                draw_stats

.text.di        0x060a2770      0x650
 .text.di       0x060a2770      0x520 ZTE/ZT_RENDERING.o
                0x060a27bc                display_model
                0x060a2814                display_player
                0x060a2a3c                displaySpriteEnt
                0x060a2770                displayParticles
 .text.di       0x060a2c90      0x130 SRC/controls.o
                0x060a2c90                digital_control

.text.Un        0x060a2dc0       0xa0
 .text.Un       0x060a2dc0       0xa0 ZTE/ZT_RENDERING.o
                0x060a2dc0                UncompressPVS

.text.an        0x060a2e60      0x230
 .text.an       0x060a2e60      0x130 ZTE/ZT_RENDERING.o
                0x060a2e60                animate
 .text.an       0x060a2f90      0x100 SRC/controls.o
                0x060a2f90                analog_control

.text.oc        0x060a3090       0x50
 .text.oc       0x060a3090       0x50 ZTE/ZT_RENDERING.o
                0x060a3090                octreeRetrieveNode

.text.tr        0x060a30e0      0x460
 .text.tr       0x060a30e0      0x300 ZTE/ZT_RENDERING.o
                0x060a30e0                traverse_octree
 .text.tr       0x060a33e0      0x160 ZTE/ZT_COLLISION.o
                0x060a33e0                traverse_octree_col

.data.an        0x060a3540      0x7a0
 .data.an       0x060a3540      0x7a0 ZTE/ZT_ANIMATION.o
                0x060a3540                anorms

.bss._sc        0x060a3ce0       0x10
 .bss._sc       0x060a3ce0       0x10 ZTE/ZT_CD.o
                0x060a3ce0                _sclib_4d_pclink_use

.text.gr        0x060a3cf0      0x1a0
 .text.gr       0x060a3cf0      0x1a0 ZTE/ZT_COLLISION.o
                0x060a3cf0                groundCollision

.text.wa        0x060a3e90      0x1e0
 .text.wa       0x060a3e90      0x1e0 ZTE/ZT_COLLISION.o
                0x060a3e90                wallCollision

.text.sh        0x060a4070       0x50
 .text.sh       0x060a4070       0x50 ZTE/ZT_COLLISION.o
                0x060a4070                shadowCalculation

.text.en        0x060a40c0       0x90
 .text.en       0x060a40c0       0x90 ZTE/ZT_COLLISION.o
                0x060a40c0                entityCollision

.text.pe        0x060a4150      0x210
 .text.pe       0x060a4150      0x210 ZTE/ZT_COLLISION.o
                0x060a4150                per_bb_col

.data.zd        0x060a4360       0x10
 .data.zd       0x060a4360       0x10 ZTE/ZT_FRUSTUM.o
                0x060a4360                zdsp

.data.FA        0x060a4370       0x10
 .data.FA       0x060a4370       0x10 ZTE/ZT_FRUSTUM.o
                0x060a4370                FAR_DISTANCE

.text.Ce        0x060a4380       0x20
 .text.Ce       0x060a4380       0x20 ZTE/ZT_TOOLS.o
                0x060a4380                Cel2VRAM

.text.Ma        0x060a43a0       0x50
 .text.Ma       0x060a43a0       0x50 ZTE/ZT_TOOLS.o
                0x060a43a0                Map2VRAM

.text.Pa        0x060a43f0       0x20
 .text.Pa       0x060a43f0       0x20 ZTE/ZT_TOOLS.o
                0x060a43f0                Pal2CRAM

.text.me        0x060a4410       0x50
 .text.me       0x060a4410       0x50 ZTE/ZT_TOOLS.o
                0x060a4438                memcpy_l
                0x060a444c                memset_l
                0x060a4424                memset_w
                0x060a4410                memcpy_w

.text.fa        0x060a4460      0x180
 .text.fa       0x060a4460      0x180 ZTE/ZT_TOOLS.o
                0x060a4460                fadeIn
                0x060a44ec                fadeOut

.bss.tic        0x060a45e0       0x10
 .bss.tic       0x060a45e0       0x10 ZTE/ZT_SYSTEM.o

.bss.pos        0x060a45f0       0x10
 .bss.pos       0x060a45f0       0x10 ZTE/ZT_AUDIO.o

.bss.pla        0x060a4600       0x20
 .bss.pla       0x060a4600       0x20 ZTE/ZT_AUDIO.o

.text.ca        0x060a4620       0xf0
 .text.ca       0x060a4620       0xf0 ZTE/ZT_LOAD_MODEL.o
                0x060a4620                calcModelVector

.text.Ve        0x060a4710      0x110
 .text.Ve       0x060a4710      0x110 ZTE/ZT_VECTOR.o
                0x060a47dc                VecMag
                0x060a4710                VecNormalize
                0x060a4780                VecCross

.text.fx        0x060a4820       0xc0
 .text.fx       0x060a4820       0xc0 ZTE/ZT_VECTOR.o
                0x060a4894                fxVectorNormalize
                0x060a4828                fxCopy
                0x060a4820                fx3dSet
                0x060a4836                fxVectorCross

.text.ac        0x060a48e0      0x1f0
 .text.ac       0x060a48e0      0x1f0 SRC/controls.o
                0x060a48e0                accelerate

.text.de        0x060a4ad0       0x90
 .text.de       0x060a4ad0       0x90 SRC/controls.o
                0x060a4ad0                decelerate

.text.wi        0x060a4b60      0x1a0
 .text.wi       0x060a4b60      0x1a0 SRC/controls.o
                0x060a4b60                wireframeDebug

.text.ju        0x060a4d00      0x100
 .text.ju       0x060a4d00      0x100 SRC/controls.o
                0x060a4d00                jump

.text.sp        0x060a4e00       0xd0
 .text.sp       0x060a4e00       0xd0 SRC/controls.o
                0x060a4e00                spinCharge

.text.bu        0x060a4ed0      0x1d0
 .text.bu       0x060a4ed0      0x1d0 SRC/controls.o
                0x060a4ed0                buttonsCheck

.comment        0x060a50a0      0x440
 .comment       0x060a50a0       0x20 f:/sonic xtraordinary/ztreme/sonic-z-treme/compiler/sh_coff/sh-coff/bin/../lib/gcc/sh-coff/4.0-GNUSH_v0601\libgcc.a(__main.o)
 .comment       0x060a50c0       0x20 f:/sonic xtraordinary/ztreme/sonic-z-treme/compiler/sh_coff/sh-coff/bin/../lib/gcc/sh-coff/4.0-GNUSH_v0601\libgcc.a(_si_to_df.o)
 .comment       0x060a50e0       0x20 f:/sonic xtraordinary/ztreme/sonic-z-treme/compiler/sh_coff/sh-coff/bin/../lib/gcc/sh-coff/4.0-GNUSH_v0601\libgcc.a(_mul_df.o)
 .comment       0x060a5100       0x20 f:/sonic xtraordinary/ztreme/sonic-z-treme/compiler/sh_coff/sh-coff/bin/../lib/gcc/sh-coff/4.0-GNUSH_v0601\libgcc.a(_df_to_si.o)
 .comment       0x060a5120       0x20 f:/sonic xtraordinary/ztreme/sonic-z-treme/compiler/sh_coff/sh-coff/bin/../lib/gcc/sh-coff/4.0-GNUSH_v0601\libgcc.a(_si_to_sf.o)
 .comment       0x060a5140       0x20 f:/sonic xtraordinary/ztreme/sonic-z-treme/compiler/sh_coff/sh-coff/bin/../lib/gcc/sh-coff/4.0-GNUSH_v0601\libgcc.a(_addsub_sf.o)
 .comment       0x060a5160       0x20 f:/sonic xtraordinary/ztreme/sonic-z-treme/compiler/sh_coff/sh-coff/bin/../lib/gcc/sh-coff/4.0-GNUSH_v0601\libgcc.a(_mul_sf.o)
 .comment       0x060a5180       0x20 f:/sonic xtraordinary/ztreme/sonic-z-treme/compiler/sh_coff/sh-coff/bin/../lib/gcc/sh-coff/4.0-GNUSH_v0601\libgcc.a(_fixunssfsi.o)
 .comment       0x060a51a0       0x20 f:/sonic xtraordinary/ztreme/sonic-z-treme/compiler/sh_coff/sh-coff/bin/../lib/gcc/sh-coff/4.0-GNUSH_v0601\libgcc.a(_div_sf.o)
 .comment       0x060a51c0       0x20 f:/sonic xtraordinary/ztreme/sonic-z-treme/compiler/sh_coff/sh-coff/bin/../lib/gcc/sh-coff/4.0-GNUSH_v0601\libgcc.a(_pack_df.o)
 .comment       0x060a51e0       0x20 f:/sonic xtraordinary/ztreme/sonic-z-treme/compiler/sh_coff/sh-coff/bin/../lib/gcc/sh-coff/4.0-GNUSH_v0601\libgcc.a(_unpack_df.o)
 .comment       0x060a5200       0x20 f:/sonic xtraordinary/ztreme/sonic-z-treme/compiler/sh_coff/sh-coff/bin/../lib/gcc/sh-coff/4.0-GNUSH_v0601\libgcc.a(_muldi3.o)
 .comment       0x060a5220       0x20 f:/sonic xtraordinary/ztreme/sonic-z-treme/compiler/sh_coff/sh-coff/bin/../lib/gcc/sh-coff/4.0-GNUSH_v0601\libgcc.a(_thenan_df.o)
 .comment       0x060a5240       0x20 f:/sonic xtraordinary/ztreme/sonic-z-treme/compiler/sh_coff/sh-coff/bin/../lib/gcc/sh-coff/4.0-GNUSH_v0601\libgcc.a(_pack_sf.o)
 .comment       0x060a5260       0x20 f:/sonic xtraordinary/ztreme/sonic-z-treme/compiler/sh_coff/sh-coff/bin/../lib/gcc/sh-coff/4.0-GNUSH_v0601\libgcc.a(_thenan_sf.o)
 .comment       0x060a5280       0x20 f:/sonic xtraordinary/ztreme/sonic-z-treme/compiler/sh_coff/sh-coff/bin/../lib/gcc/sh-coff/4.0-GNUSH_v0601\libgcc.a(_unpack_sf.o)
 .comment       0x060a52a0       0x20 f:/sonic xtraordinary/ztreme/sonic-z-treme/compiler/sh_coff/sh-coff/bin/../lib/gcc/sh-coff/4.0-GNUSH_v0601\libgcc.a(_ge_sf.o)
 .comment       0x060a52c0       0x20 f:/sonic xtraordinary/ztreme/sonic-z-treme/compiler/sh_coff/sh-coff/bin/../lib/gcc/sh-coff/4.0-GNUSH_v0601\libgcc.a(_sf_to_si.o)
 .comment       0x060a52e0       0x20 f:/sonic xtraordinary/ztreme/sonic-z-treme/compiler/sh_coff/sh-coff/bin/../lib/gcc/sh-coff/4.0-GNUSH_v0601\libgcc.a(_fpcmp_parts_sf.o)
 .comment       0x060a5300       0x20 f:/sonic xtraordinary/ztreme/sonic-z-treme/compiler/sh_coff/sh-coff/bin/../lib/gcc/sh-coff/4.0-GNUSH_v0601/../../../../sh-coff/lib\libc.a(strcat.o)
 .comment       0x060a5320       0x20 f:/sonic xtraordinary/ztreme/sonic-z-treme/compiler/sh_coff/sh-coff/bin/../lib/gcc/sh-coff/4.0-GNUSH_v0601/../../../../sh-coff/lib\libc.a(memcmp.o)
 .comment       0x060a5340       0x20 f:/sonic xtraordinary/ztreme/sonic-z-treme/compiler/sh_coff/sh-coff/bin/../lib/gcc/sh-coff/4.0-GNUSH_v0601/../../../../sh-coff/lib\libc.a(strncmp.o)
 .comment       0x060a5360       0x20 f:/sonic xtraordinary/ztreme/sonic-z-treme/compiler/sh_coff/sh-coff/bin/../lib/gcc/sh-coff/4.0-GNUSH_v0601/../../../../sh-coff/lib\libc.a(strncpy.o)
 .comment       0x060a5380       0x20 f:/sonic xtraordinary/ztreme/sonic-z-treme/compiler/sh_coff/sh-coff/bin/../lib/gcc/sh-coff/4.0-GNUSH_v0601/../../../../sh-coff/lib\libc.a(atexit.o)
 .comment       0x060a53a0       0x20 f:/sonic xtraordinary/ztreme/sonic-z-treme/compiler/sh_coff/sh-coff/bin/../lib/gcc/sh-coff/4.0-GNUSH_v0601/../../../../sh-coff/lib\libc.a(impure.o)
 .comment       0x060a53c0       0x20 f:/sonic xtraordinary/ztreme/sonic-z-treme/compiler/sh_coff/sh-coff/bin/../lib/gcc/sh-coff/4.0-GNUSH_v0601/../../../../sh-coff/lib\libc.a(malloc.o)
 .comment       0x060a53e0       0x20 f:/sonic xtraordinary/ztreme/sonic-z-treme/compiler/sh_coff/sh-coff/bin/../lib/gcc/sh-coff/4.0-GNUSH_v0601/../../../../sh-coff/lib\libc.a(mallocr.o)
 .comment       0x060a5400       0x20 f:/sonic xtraordinary/ztreme/sonic-z-treme/compiler/sh_coff/sh-coff/bin/../lib/gcc/sh-coff/4.0-GNUSH_v0601/../../../../sh-coff/lib\libc.a(freer.o)
 .comment       0x060a5420       0x20 f:/sonic xtraordinary/ztreme/sonic-z-treme/compiler/sh_coff/sh-coff/bin/../lib/gcc/sh-coff/4.0-GNUSH_v0601/../../../../sh-coff/lib\libc.a(mlock.o)
 .comment       0x060a5440       0x20 f:/sonic xtraordinary/ztreme/sonic-z-treme/compiler/sh_coff/sh-coff/bin/../lib/gcc/sh-coff/4.0-GNUSH_v0601/../../../../sh-coff/lib\libc.a(sbrkr.o)
 .comment       0x060a5460       0x20 f:/sonic xtraordinary/ztreme/sonic-z-treme/compiler/sh_coff/sh-coff/bin/../lib/gcc/sh-coff/4.0-GNUSH_v0601/../../../../sh-coff/lib\libc.a(syscalls.o)
 .comment       0x060a5480       0x20 f:/sonic xtraordinary/ztreme/sonic-z-treme/compiler/sh_coff/sh-coff/bin/../lib/gcc/sh-coff/4.0-GNUSH_v0601/../../../../sh-coff/lib\libc.a(abort.o)
 .comment       0x060a54a0       0x20 f:/sonic xtraordinary/ztreme/sonic-z-treme/compiler/sh_coff/sh-coff/bin/../lib/gcc/sh-coff/4.0-GNUSH_v0601/../../../../sh-coff/lib\libc.a(signal.o)
 .comment       0x060a54c0       0x20 f:/sonic xtraordinary/ztreme/sonic-z-treme/compiler/sh_coff/sh-coff/bin/../lib/gcc/sh-coff/4.0-GNUSH_v0601/../../../../sh-coff/lib\libc.a(signalr.o)
